Archive member included because of file (symbol)

/Users/gordonanderson/Library/Arduino15/packages/arduino/tools/arm-none-eabi-gcc/4.8.3-2014q1/bin/../lib/gcc/arm-none-eabi/4.8.3/../../../../arm-none-eabi/lib/armv7e-m/fpu/libm.a(lib_a-w_sqrt.o)
                              /private/var/folders/hj/1py1l1fn4579t9q2qnrjkywr0000gn/T/arduino-sketch-7C5C802966699E44C8864F857BFF6D5A/sketch/RFmega.ino.cpp.o (sqrt)
/Users/gordonanderson/Library/Arduino15/packages/arduino/tools/arm-none-eabi-gcc/4.8.3-2014q1/bin/../lib/gcc/arm-none-eabi/4.8.3/../../../../arm-none-eabi/lib/armv7e-m/fpu/libm.a(lib_a-e_sqrt.o)
                              /Users/gordonanderson/Library/Arduino15/packages/arduino/tools/arm-none-eabi-gcc/4.8.3-2014q1/bin/../lib/gcc/arm-none-eabi/4.8.3/../../../../arm-none-eabi/lib/armv7e-m/fpu/libm.a(lib_a-w_sqrt.o) (__ieee754_sqrt)
/Users/gordonanderson/Library/Arduino15/packages/arduino/tools/arm-none-eabi-gcc/4.8.3-2014q1/bin/../lib/gcc/arm-none-eabi/4.8.3/../../../../arm-none-eabi/lib/armv7e-m/fpu/libm.a(lib_a-s_fpclassify.o)
                              /Users/gordonanderson/Library/Arduino15/packages/arduino/tools/arm-none-eabi-gcc/4.8.3-2014q1/bin/../lib/gcc/arm-none-eabi/4.8.3/../../../../arm-none-eabi/lib/armv7e-m/fpu/libm.a(lib_a-w_sqrt.o) (__fpclassifyd)
/Users/gordonanderson/Library/Arduino15/packages/arduino/tools/arm-none-eabi-gcc/4.8.3-2014q1/bin/../lib/gcc/arm-none-eabi/4.8.3/../../../../arm-none-eabi/lib/armv7e-m/fpu/libm.a(lib_a-s_lib_ver.o)
                              /Users/gordonanderson/Library/Arduino15/packages/arduino/tools/arm-none-eabi-gcc/4.8.3-2014q1/bin/../lib/gcc/arm-none-eabi/4.8.3/../../../../arm-none-eabi/lib/armv7e-m/fpu/libm.a(lib_a-w_sqrt.o) (__fdlib_version)
/Users/gordonanderson/Library/Arduino15/packages/arduino/tools/arm-none-eabi-gcc/4.8.3-2014q1/bin/../lib/gcc/arm-none-eabi/4.8.3/../../../../arm-none-eabi/lib/armv7e-m/fpu/libm.a(lib_a-s_matherr.o)
                              /Users/gordonanderson/Library/Arduino15/packages/arduino/tools/arm-none-eabi-gcc/4.8.3-2014q1/bin/../lib/gcc/arm-none-eabi/4.8.3/../../../../arm-none-eabi/lib/armv7e-m/fpu/libm.a(lib_a-w_sqrt.o) (matherr)
/private/var/folders/hj/1py1l1fn4579t9q2qnrjkywr0000gn/T/arduino-sketch-7C5C802966699E44C8864F857BFF6D5A/../arduino-core-cache/core_adafruit_samd_adafruit_itsybitsy_m4_cache_on_028f04db71604169935d71340ec685c9.a(Print.cpp.o)
                              /private/var/folders/hj/1py1l1fn4579t9q2qnrjkywr0000gn/T/arduino-sketch-7C5C802966699E44C8864F857BFF6D5A/libraries/Wire/Wire.cpp.o (Print::write(unsigned char const*, unsigned int))
/private/var/folders/hj/1py1l1fn4579t9q2qnrjkywr0000gn/T/arduino-sketch-7C5C802966699E44C8864F857BFF6D5A/../arduino-core-cache/core_adafruit_samd_adafruit_itsybitsy_m4_cache_on_028f04db71604169935d71340ec685c9.a(SERCOM.cpp.o)
                              /private/var/folders/hj/1py1l1fn4579t9q2qnrjkywr0000gn/T/arduino-sketch-7C5C802966699E44C8864F857BFF6D5A/core/variant.cpp.o (SERCOM::SERCOM(Sercom*))
/private/var/folders/hj/1py1l1fn4579t9q2qnrjkywr0000gn/T/arduino-sketch-7C5C802966699E44C8864F857BFF6D5A/../arduino-core-cache/core_adafruit_samd_adafruit_itsybitsy_m4_cache_on_028f04db71604169935d71340ec685c9.a(CDC.cpp.o)
                              /private/var/folders/hj/1py1l1fn4579t9q2qnrjkywr0000gn/T/arduino-sketch-7C5C802966699E44C8864F857BFF6D5A/sketch/RFmega.ino.cpp.o (Serial_::available())
/private/var/folders/hj/1py1l1fn4579t9q2qnrjkywr0000gn/T/arduino-sketch-7C5C802966699E44C8864F857BFF6D5A/../arduino-core-cache/core_adafruit_samd_adafruit_itsybitsy_m4_cache_on_028f04db71604169935d71340ec685c9.a(USBCore.cpp.o)
                              /private/var/folders/hj/1py1l1fn4579t9q2qnrjkywr0000gn/T/arduino-sketch-7C5C802966699E44C8864F857BFF6D5A/../arduino-core-cache/core_adafruit_samd_adafruit_itsybitsy_m4_cache_on_028f04db71604169935d71340ec685c9.a(CDC.cpp.o) (USBDeviceClass::available(unsigned long))
/private/var/folders/hj/1py1l1fn4579t9q2qnrjkywr0000gn/T/arduino-sketch-7C5C802966699E44C8864F857BFF6D5A/../arduino-core-cache/core_adafruit_samd_adafruit_itsybitsy_m4_cache_on_028f04db71604169935d71340ec685c9.a(Uart.cpp.o)
                              /private/var/folders/hj/1py1l1fn4579t9q2qnrjkywr0000gn/T/arduino-sketch-7C5C802966699E44C8864F857BFF6D5A/sketch/RFmega.ino.cpp.o (Uart::begin(unsigned long))
/private/var/folders/hj/1py1l1fn4579t9q2qnrjkywr0000gn/T/arduino-sketch-7C5C802966699E44C8864F857BFF6D5A/../arduino-core-cache/core_adafruit_samd_adafruit_itsybitsy_m4_cache_on_028f04db71604169935d71340ec685c9.a(WString.cpp.o)
                              /private/var/folders/hj/1py1l1fn4579t9q2qnrjkywr0000gn/T/arduino-sketch-7C5C802966699E44C8864F857BFF6D5A/sketch/Serial.cpp.o (String::String(String&&))
/private/var/folders/hj/1py1l1fn4579t9q2qnrjkywr0000gn/T/arduino-sketch-7C5C802966699E44C8864F857BFF6D5A/../arduino-core-cache/core_adafruit_samd_adafruit_itsybitsy_m4_cache_on_028f04db71604169935d71340ec685c9.a(abi.cpp.o)
[...]
Memory Configuration

Name             Origin             Length             Attributes
FLASH            0x0000000000004000 0x000000000007c000 xr
RAM              0x0000000020000000 0x0000000000030000 xrw
*default*        0x0000000000000000 0xffffffffffffffff

Linker script and memory map

LOAD /Users/gordonanderson/Library/Arduino15/packages/arduino/tools/arm-none-eabi-gcc/4.8.3-2014q1/bin/../lib/gcc/arm-none-eabi/4.8.3/armv7e-m/fpu/crti.o
LOAD /Users/gordonanderson/Library/Arduino15/packages/arduino/tools/arm-none-eabi-gcc/4.8.3-2014q1/bin/../lib/gcc/arm-none-eabi/4.8.3/armv7e-m/fpu/crtbegin.o
LOAD /Users/gordonanderson/Library/Arduino15/packages/arduino/tools/arm-none-eabi-gcc/4.8.3-2014q1/bin/../lib/gcc/arm-none-eabi/4.8.3/../../../../arm-none-eabi/lib/armv7e-m/fpu/crt0.o
LOAD /private/var/folders/hj/1py1l1fn4579t9q2qnrjkywr0000gn/T/arduino-sketch-7C5C802966699E44C8864F857BFF6D5A/sketch/RFmega.ino.cpp.o
LOAD /private/var/folders/hj/1py1l1fn4579t9q2qnrjkywr0000gn/T/arduino-sketch-7C5C802966699E44C8864F857BFF6D5A/sketch/Serial.cpp.o
LOAD /private/var/folders/hj/1py1l1fn4579t9q2qnrjkywr0000gn/T/arduino-sketch-7C5C802966699E44C8864F857BFF6D5A/libraries/ArduinoThread/Thread.cpp.o
LOAD /private/var/folders/hj/1py1l1fn4579t9q2qnrjkywr0000gn/T/arduino-sketch-7C5C802966699E44C8864F857BFF6D5A/libraries/ArduinoThread/ThreadController.cpp.o
LOAD /private/var/folders/hj/1py1l1fn4579t9q2qnrjkywr0000gn/T/arduino-sketch-7C5C802966699E44C8864F857BFF6D5A/libraries/Adafruit_DotStar/Adafruit_DotStar.cpp.o
LOAD /private/var/folders/hj/1py1l1fn4579t9q2qnrjkywr0000gn/T/arduino-sketch-7C5C802966699E44C8864F857BFF6D5A/libraries/Wire/Wire.cpp.o
LOAD /private/var/folders/hj/1py1l1fn4579t9q2qnrjkywr0000gn/T/arduino-sketch-7C5C802966699E44C8864F857BFF6D5A/libraries/SPI/SPI.cpp.o
LOAD /private/var/folders/hj/1py1l1fn4579t9q2qnrjkywr0000gn/T/arduino-sketch-7C5C802966699E44C8864F857BFF6D5A/libraries/FlashStorage/FlashAsEEPROM.cpp.o
LOAD /private/var/folders/hj/1py1l1fn4579t9q2qnrjkywr0000gn/T/arduino-sketch-7C5C802966699E44C8864F857BFF6D5A/libraries/FlashStorage/FlashStorage.cpp.o
LOAD /private/var/folders/hj/1py1l1fn4579t9q2qnrjkywr0000gn/T/arduino-sketch-7C5C802966699E44C8864F857BFF6D5A/libraries/SerialBuffer/SerialBuffer.cpp.o
LOAD /private/var/folders/hj/1py1l1fn4579t9q2qnrjkywr0000gn/T/arduino-sketch-7C5C802966699E44C8864F857BFF6D5A/core/variant.cpp.o
START GROUP
LOAD /Users/gordonanderson/Library/Arduino15/packages/adafruit/hardware/samd/1.3.0/variants/itsybitsy_m4/libarm_cortexM4lf_math.a
LOAD /Users/gordonanderson/Library/Arduino15/packages/arduino/tools/arm-none-eabi-gcc/4.8.3-2014q1/bin/../lib/gcc/arm-none-eabi/4.8.3/../../../../arm-none-eabi/lib/armv7e-m/fpu/libm.a
LOAD /private/var/folders/hj/1py1l1fn4579t9q2qnrjkywr0000gn/T/arduino-sketch-7C5C802966699E44C8864F857BFF6D5A/../arduino-core-cache/core_adafruit_samd_adafruit_itsybitsy_m4_cache_on_028f04db71604169935d71340ec685c9.a
END GROUP
START GROUP
LOAD /Users/gordonanderson/Library/Arduino15/packages/arduino/tools/arm-none-eabi-gcc/4.8.3-2014q1/bin/../lib/gcc/arm-none-eabi/4.8.3/armv7e-m/fpu/libgcc.a
LOAD /Users/gordonanderson/Library/Arduino15/packages/arduino/tools/arm-none-eabi-gcc/4.8.3-2014q1/bin/../lib/gcc/arm-none-eabi/4.8.3/../../../../arm-none-eabi/lib/armv7e-m/fpu/libc_s.a
END GROUP
START GROUP
LOAD /Users/gordonanderson/Library/Arduino15/packages/arduino/tools/arm-none-eabi-gcc/4.8.3-2014q1/bin/../lib/gcc/arm-none-eabi/4.8.3/armv7e-m/fpu/libgcc.a
LOAD /Users/gordonanderson/Library/Arduino15/packages/arduino/tools/arm-none-eabi-gcc/4.8.3-2014q1/bin/../lib/gcc/arm-none-eabi/4.8.3/../../../../arm-none-eabi/lib/armv7e-m/fpu/libc_s.a
LOAD /Users/gordonanderson/Library/Arduino15/packages/arduino/tools/arm-none-eabi-gcc/4.8.3-2014q1/bin/../lib/gcc/arm-none-eabi/4.8.3/../../../../arm-none-eabi/lib/armv7e-m/fpu/libnosys.a
END GROUP
START GROUP
LOAD /Users/gordonanderson/Library/Arduino15/packages/arduino/tools/arm-none-eabi-gcc/4.8.3-2014q1/bin/../lib/gcc/arm-none-eabi/4.8.3/armv7e-m/fpu/libgcc.a
LOAD /Users/gordonanderson/Library/Arduino15/packages/arduino/tools/arm-none-eabi-gcc/4.8.3-2014q1/bin/../lib/gcc/arm-none-eabi/4.8.3/../../../../arm-none-eabi/lib/armv7e-m/fpu/libc_s.a
LOAD /Users/gordonanderson/Library/Arduino15/packages/arduino/tools/arm-none-eabi-gcc/4.8.3-2014q1/bin/../lib/gcc/arm-none-eabi/4.8.3/../../../../arm-none-eabi/lib/armv7e-m/fpu/libnosys.a
END GROUP
LOAD /Users/gordonanderson/Library/Arduino15/packages/arduino/tools/arm-none-eabi-gcc/4.8.3-2014q1/bin/../lib/gcc/arm-none-eabi/4.8.3/armv7e-m/fpu/crtend.o
LOAD /Users/gordonanderson/Library/Arduino15/packages/arduino/tools/arm-none-eabi-gcc/4.8.3-2014q1/bin/../lib/gcc/arm-none-eabi/4.8.3/armv7e-m/fpu/crtn.o

.text           0x0000000000004000    0x10750
                0x0000000000004000                __text_start__ = .
 *(.sketch_boot)
                0x0000000000004000                . = ALIGN (0x4000)
 *(.isr_vector)
 .isr_vector    0x0000000000004000      0x264 /private/var/folders/hj/1py1l1fn4579t9q2qnrjkywr0000gn/T/arduino-sketch-7C5C802966699E44C8864F857BFF6D5A/../arduino-core-cache/core_adafruit_samd_adafruit_itsybitsy_m4_cache_on_028f04db71604169935d71340ec685c9.a(cortex_handlers.c.o)
                0x0000000000004000                exception_table
 *(.text*)
 .text          0x0000000000004264       0x54 /Users/gordonanderson/Library/Arduino15/packages/arduino/tools/arm-none-eabi-gcc/4.8.3-2014q1/bin/../lib/gcc/arm-none-eabi/4.8.3/armv7e-m/fpu/crtbegin.o
 .text.NVIC_SystemReset
                0x00000000000042b8       0x24 /private/var/folders/hj/1py1l1fn4579t9q2qnrjkywr0000gn/T/arduino-sketch-7C5C802966699E44C8864F857BFF6D5A/sketch/RFmega.ino.cpp.o
 .text._Z15RFdriveAllowADJv
                0x00000000000042dc        0xc /private/var/folders/hj/1py1l1fn4579t9q2qnrjkywr0000gn/T/arduino-sketch-7C5C802966699E44C8864F857BFF6D5A/sketch/RFmega.ino.cpp.o
                0x00000000000042dc                RFdriveAllowADJ()
 .text._ZN6ThreadD2Ev
                0x00000000000042e8       0x18 /private/var/folders/hj/1py1l1fn4579t9q2qnrjkywr0000gn/T/arduino-sketch-7C5C802966699E44C8864F857BFF6D5A/sketch/RFmega.ino.cpp.o
                0x00000000000042e8                Thread::~Thread()
                0x00000000000042e8                Thread::~Thread()
 .text._ZN16ThreadControllerD2Ev
                0x0000000000004300       0x14 /private/var/folders/hj/1py1l1fn4579t9q2qnrjkywr0000gn/T/arduino-sketch-7C5C802966699E44C8864F857BFF6D5A/sketch/RFmega.ino.cpp.o
                0x0000000000004300                ThreadController::~ThreadController()
                0x0000000000004300                ThreadController::~ThreadController()
 .text._Z7RFonLEDPv
                0x0000000000004314       0x1c /private/var/folders/hj/1py1l1fn4579t9q2qnrjkywr0000gn/T/arduino-sketch-7C5C802966699E44C8864F857BFF6D5A/sketch/RFmega.ino.cpp.o
                0x0000000000004314                RFonLED(void*)
 .text._Z9StatusLEDPv
                0x0000000000004330       0x28 /private/var/folders/hj/1py1l1fn4579t9q2qnrjkywr0000gn/T/arduino-sketch-7C5C802966699E44C8864F857BFF6D5A/sketch/RFmega.ino.cpp.o
                0x0000000000004330                StatusLED(void*)
 .text._ZN5Print5writeEPKc
                0x0000000000004358       0x1e /private/var/folders/hj/1py1l1fn4579t9q2qnrjkywr0000gn/T/arduino-sketch-7C5C802966699E44C8864F857BFF6D5A/sketch/RFmega.ino.cpp.o
                0x0000000000004358                Print::write(char const*)
 .text._ZN6Button8releasedEv
                0x0000000000004376       0x28 /private/var/folders/hj/1py1l1fn4579t9q2qnrjkywr0000gn/T/arduino-sketch-7C5C802966699E44C8864F857BFF6D5A/sketch/RFmega.ino.cpp.o
                0x0000000000004376                Button::released()
 *fill*         0x000000000000439e        0x2 
 .text._Z7Controlv
                0x00000000000043a0       0xc8 /private/var/folders/hj/1py1l1fn4579t9q2qnrjkywr0000gn/T/arduino-sketch-7C5C802966699E44C8864F857BFF6D5A/sketch/RFmega.ino.cpp.o
                0x00000000000043a0                Control()
 .text._Z13RFdriver_tunev
                0x0000000000004468      0x2c4 /private/var/folders/hj/1py1l1fn4579t9q2qnrjkywr0000gn/T/arduino-sketch-7C5C802966699E44C8864F857BFF6D5A/sketch/RFmega.ino.cpp.o
                0x0000000000004468                RFdriver_tune()
 .text._Z12SaveSettingsv
                0x000000000000472c       0x58 /private/var/folders/hj/1py1l1fn4579t9q2qnrjkywr0000gn/T/arduino-sketch-7C5C802966699E44C8864F857BFF6D5A/sketch/RFmega.ino.cpp.o
                0x000000000000472c                SaveSettings()
 .text._Z15RestoreSettingsv
                0x0000000000004784       0x7c /private/var/folders/hj/1py1l1fn4579t9q2qnrjkywr0000gn/T/arduino-sketch-7C5C802966699E44C8864F857BFF6D5A/sketch/RFmega.ino.cpp.o
                0x0000000000004784                RestoreSettings()
 .text._Z14Software_Resetv
                0x0000000000004800        0x6 /private/var/folders/hj/1py1l1fn4579t9q2qnrjkywr0000gn/T/arduino-sketch-7C5C802966699E44C8864F857BFF6D5A/sketch/RFmega.ino.cpp.o
                0x0000000000004800                Software_Reset()
 *fill*         0x0000000000004806        0x2 
 .text._Z11FormatFLASHv
                0x0000000000004808       0x50 /private/var/folders/hj/1py1l1fn4579t9q2qnrjkywr0000gn/T/arduino-sketch-7C5C802966699E44C8864F857BFF6D5A/sketch/RFmega.ino.cpp.o
                0x0000000000004808                FormatFLASH()
 .text._Z5Debugi
                0x0000000000004858        0x2 /private/var/folders/hj/1py1l1fn4579t9q2qnrjkywr0000gn/T/arduino-sketch-7C5C802966699E44C8864F857BFF6D5A/sketch/RFmega.ino.cpp.o
                0x0000000000004858                Debug(int)
 *fill*         0x000000000000485a        0x2 
 .text._Z9PWLlookupii
                0x000000000000485c       0xa4 /private/var/folders/hj/1py1l1fn4579t9q2qnrjkywr0000gn/T/arduino-sketch-7C5C802966699E44C8864F857BFF6D5A/sketch/RFmega.ino.cpp.o
                0x000000000000485c                PWLlookup(int, int)
 .text._Z10FindScaleriPiS_S_
                0x0000000000004900       0x50 /private/var/folders/hj/1py1l1fn4579t9q2qnrjkywr0000gn/T/arduino-sketch-7C5C802966699E44C8864F857BFF6D5A/sketch/RFmega.ino.cpp.o
                0x0000000000004900                FindScaler(int, int*, int*, int*)
 .text._Z11GetADCvalueii
                0x0000000000004950       0x20 /private/var/folders/hj/1py1l1fn4579t9q2qnrjkywr0000gn/T/arduino-sketch-7C5C802966699E44C8864F857BFF6D5A/sketch/RFmega.ino.cpp.o
                0x0000000000004950                GetADCvalue(int, int)
 .text._Z7ReadADCi
                0x0000000000004970       0x3c /private/var/folders/hj/1py1l1fn4579t9q2qnrjkywr0000gn/T/arduino-sketch-7C5C802966699E44C8864F857BFF6D5A/sketch/RFmega.ino.cpp.o
                0x0000000000004970                ReadADC(int)
 .text._Z14genPWLcalTablePc
                0x00000000000049ac      0x1f4 /private/var/folders/hj/1py1l1fn4579t9q2qnrjkywr0000gn/T/arduino-sketch-7C5C802966699E44C8864F857BFF6D5A/sketch/RFmega.ino.cpp.o
                0x00000000000049ac                genPWLcalTable(char*)
 .text._Z14ReadADCchannel7ADCchan
                0x0000000000004ba0       0x30 /private/var/folders/hj/1py1l1fn4579t9q2qnrjkywr0000gn/T/arduino-sketch-7C5C802966699E44C8864F857BFF6D5A/sketch/RFmega.ino.cpp.o
                0x0000000000004ba0                ReadADCchannel(ADCchan)
 .text._Z11setupD10pwmv
                0x0000000000004bd0       0xac /private/var/folders/hj/1py1l1fn4579t9q2qnrjkywr0000gn/T/arduino-sketch-7C5C802966699E44C8864F857BFF6D5A/sketch/RFmega.ino.cpp.o
                0x0000000000004bd0                setupD10pwm()
 .text._Z9setD10pwmi
                0x0000000000004c7c       0x1c /private/var/folders/hj/1py1l1fn4579t9q2qnrjkywr0000gn/T/arduino-sketch-7C5C802966699E44C8864F857BFF6D5A/sketch/RFmega.ino.cpp.o
                0x0000000000004c7c                setD10pwm(int)
 .text._Z8setDrivef
                0x0000000000004c98       0x80 /private/var/folders/hj/1py1l1fn4579t9q2qnrjkywr0000gn/T/arduino-sketch-7C5C802966699E44C8864F857BFF6D5A/sketch/RFmega.ino.cpp.o
                0x0000000000004c98                setDrive(float)
 .text._Z7PrintIPPh
                0x0000000000004d18       0x54 /private/var/folders/hj/1py1l1fn4579t9q2qnrjkywr0000gn/T/arduino-sketch-7C5C802966699E44C8864F857BFF6D5A/sketch/RFmega.ino.cpp.o
                0x0000000000004d18                PrintIP(unsigned char*)
 .text._Z6ScanIPPcPh
                0x0000000000004d6c       0x8c /private/var/folders/hj/1py1l1fn4579t9q2qnrjkywr0000gn/T/arduino-sketch-7C5C802966699E44C8864F857BFF6D5A/sketch/RFmega.ino.cpp.o
                0x0000000000004d6c                ScanIP(char*, unsigned char*)
 .text._Z17isEthernetPresentv
                0x0000000000004df8       0x3c /private/var/folders/hj/1py1l1fn4579t9q2qnrjkywr0000gn/T/arduino-sketch-7C5C802966699E44C8864F857BFF6D5A/sketch/RFmega.ino.cpp.o
                0x0000000000004df8                isEthernetPresent()
 .text._Z9ReportEIPv
                0x0000000000004e34       0x4c /private/var/folders/hj/1py1l1fn4579t9q2qnrjkywr0000gn/T/arduino-sketch-7C5C802966699E44C8864F857BFF6D5A/sketch/RFmega.ino.cpp.o
                0x0000000000004e34                ReportEIP()
 .text._Z11ReportSNEIPv
                0x0000000000004e80       0x4c /private/var/folders/hj/1py1l1fn4579t9q2qnrjkywr0000gn/T/arduino-sketch-7C5C802966699E44C8864F857BFF6D5A/sketch/RFmega.ino.cpp.o
                0x0000000000004e80                ReportSNEIP()
 .text._Z11ReportEportv
                0x0000000000004ecc       0x44 /private/var/folders/hj/1py1l1fn4579t9q2qnrjkywr0000gn/T/arduino-sketch-7C5C802966699E44C8864F857BFF6D5A/sketch/RFmega.ino.cpp.o
                0x0000000000004ecc                ReportEport()
 .text._Z11ReportEGATEv
                0x0000000000004f10       0x4c /private/var/folders/hj/1py1l1fn4579t9q2qnrjkywr0000gn/T/arduino-sketch-7C5C802966699E44C8864F857BFF6D5A/sketch/RFmega.ino.cpp.o
                0x0000000000004f10                ReportEGATE()
 .text._ZN5TimerILj16EXadL_Z6millisEEPvE5everyEmPFbS0_ES0_
                0x0000000000004f5c       0x54 /private/var/folders/hj/1py1l1fn4579t9q2qnrjkywr0000gn/T/arduino-sketch-7C5C802966699E44C8864F857BFF6D5A/sketch/RFmega.ino.cpp.o
                0x0000000000004f5c                Timer<16u, &millis, void*>::every(unsigned long, bool (*)(void*), void*)
 .text._ZN5TimerILj16EXadL_Z6millisEEPvE4tickIvEEvv
                0x0000000000004fb0       0x72 /private/var/folders/hj/1py1l1fn4579t9q2qnrjkywr0000gn/T/arduino-sketch-7C5C802966699E44C8864F857BFF6D5A/sketch/RFmega.ino.cpp.o
                0x0000000000004fb0                void Timer<16u, &millis, void*>::tick<void>()
 *fill*         0x0000000000005022        0x2 
 .text.startup._GLOBAL__sub_I_Version
                0x0000000000005024       0x70 /private/var/folders/hj/1py1l1fn4579t9q2qnrjkywr0000gn/T/arduino-sketch-7C5C802966699E44C8864F857BFF6D5A/sketch/RFmega.ino.cpp.o
 .text._Z13ProcessSerialb
                0x0000000000005094       0x64 /private/var/folders/hj/1py1l1fn4579t9q2qnrjkywr0000gn/T/arduino-sketch-7C5C802966699E44C8864F857BFF6D5A/sketch/RFmega.ino.cpp.o
                0x0000000000005094                ProcessSerial(bool)
 .text.loop     0x00000000000050f8      0x11c /private/var/folders/hj/1py1l1fn4579t9q2qnrjkywr0000gn/T/arduino-sketch-7C5C802966699E44C8864F857BFF6D5A/sketch/RFmega.ino.cpp.o
                0x00000000000050f8                loop
 *fill*         0x0000000000005214        0x4 
 .text._Z11FS7140setupiib
                0x0000000000005218      0x3d8 /private/var/folders/hj/1py1l1fn4579t9q2qnrjkywr0000gn/T/arduino-sketch-7C5C802966699E44C8864F857BFF6D5A/sketch/RFmega.ino.cpp.o
                0x0000000000005218                FS7140setup(int, int, bool)
 .text._Z12setFrequencyi
                0x00000000000055f0       0x24 /private/var/folders/hj/1py1l1fn4579t9q2qnrjkywr0000gn/T/arduino-sketch-7C5C802966699E44C8864F857BFF6D5A/sketch/RFmega.ino.cpp.o
                0x00000000000055f0                setFrequency(int)
 *fill*         0x0000000000005614        0x4 
 .text._Z6Updatev
                0x0000000000005618      0x2c8 /private/var/folders/hj/1py1l1fn4579t9q2qnrjkywr0000gn/T/arduino-sketch-7C5C802966699E44C8864F857BFF6D5A/sketch/RFmega.ino.cpp.o
                0x0000000000005618                Update()
 .text._Z11EloadConfigP7EConfigb
                0x00000000000058e0      0x14c /private/var/folders/hj/1py1l1fn4579t9q2qnrjkywr0000gn/T/arduino-sketch-7C5C802966699E44C8864F857BFF6D5A/sketch/RFmega.ino.cpp.o
                0x00000000000058e0                EloadConfig(EConfig*, bool)
 .text._Z13Ethernet_testv
                0x0000000000005a2c       0x40 /private/var/folders/hj/1py1l1fn4579t9q2qnrjkywr0000gn/T/arduino-sketch-7C5C802966699E44C8864F857BFF6D5A/sketch/RFmega.ino.cpp.o
                0x0000000000005a2c                Ethernet_test()
 .text._Z11EsendConfigP7EConfig
                0x0000000000005a6c       0xa8 /private/var/folders/hj/1py1l1fn4579t9q2qnrjkywr0000gn/T/arduino-sketch-7C5C802966699E44C8864F857BFF6D5A/sketch/RFmega.ino.cpp.o
                0x0000000000005a6c                EsendConfig(EConfig*)
 .text._Z21UpdateEthernetAdapterv
                0x0000000000005b14       0x74 /private/var/folders/hj/1py1l1fn4579t9q2qnrjkywr0000gn/T/arduino-sketch-7C5C802966699E44C8864F857BFF6D5A/sketch/RFmega.ino.cpp.o
                0x0000000000005b14                UpdateEthernetAdapter()
 .text._Z6SetEIPPc
                0x0000000000005b88       0x48 /private/var/folders/hj/1py1l1fn4579t9q2qnrjkywr0000gn/T/arduino-sketch-7C5C802966699E44C8864F857BFF6D5A/sketch/RFmega.ino.cpp.o
                0x0000000000005b88                SetEIP(char*)
 .text._Z8SetSNEIPPc
                0x0000000000005bd0       0x48 /private/var/folders/hj/1py1l1fn4579t9q2qnrjkywr0000gn/T/arduino-sketch-7C5C802966699E44C8864F857BFF6D5A/sketch/RFmega.ino.cpp.o
                0x0000000000005bd0                SetSNEIP(char*)
 .text._Z8SetEporti
                0x0000000000005c18       0x1c /private/var/folders/hj/1py1l1fn4579t9q2qnrjkywr0000gn/T/arduino-sketch-7C5C802966699E44C8864F857BFF6D5A/sketch/RFmega.ino.cpp.o
                0x0000000000005c18                SetEport(int)
 .text._Z8SetEGATEPc
                0x0000000000005c34       0x48 /private/var/folders/hj/1py1l1fn4579t9q2qnrjkywr0000gn/T/arduino-sketch-7C5C802966699E44C8864F857BFF6D5A/sketch/RFmega.ino.cpp.o
                0x0000000000005c34                SetEGATE(char*)
 .text._Z13Ethernet_initv
                0x0000000000005c7c       0x48 /private/var/folders/hj/1py1l1fn4579t9q2qnrjkywr0000gn/T/arduino-sketch-7C5C802966699E44C8864F857BFF6D5A/sketch/RFmega.ino.cpp.o
                0x0000000000005c7c                Ethernet_init()
 .text.setup    0x0000000000005cc4      0x184 /private/var/folders/hj/1py1l1fn4579t9q2qnrjkywr0000gn/T/arduino-sketch-7C5C802966699E44C8864F857BFF6D5A/sketch/RFmega.ino.cpp.o
                0x0000000000005cc4                setup
 .text._Z8WhereAmIv
                0x0000000000005e48       0x14 /private/var/folders/hj/1py1l1fn4579t9q2qnrjkywr0000gn/T/arduino-sketch-7C5C802966699E44C8864F857BFF6D5A/sketch/Serial.cpp.o
                0x0000000000005e48                WhereAmI()
 .text._Z10EraseUpperv
                0x0000000000005e5c       0xe8 /private/var/folders/hj/1py1l1fn4579t9q2qnrjkywr0000gn/T/arduino-sketch-7C5C802966699E44C8864F857BFF6D5A/sketch/Serial.cpp.o
                0x0000000000005e5c                EraseUpper()
 .text._Z11ProgramGOTOPc
                0x0000000000005f44       0xb0 /private/var/folders/hj/1py1l1fn4579t9q2qnrjkywr0000gn/T/arduino-sketch-7C5C802966699E44C8864F857BFF6D5A/sketch/Serial.cpp.o
                0x0000000000005f44                ProgramGOTO(char*)
 .text._Z11GetCommandsv
                0x0000000000005ff4       0x40 /private/var/folders/hj/1py1l1fn4579t9q2qnrjkywr0000gn/T/arduino-sketch-7C5C802966699E44C8864F857BFF6D5A/sketch/Serial.cpp.o
                0x0000000000005ff4                GetCommands()
 .text._Z12DelayCommandi
                0x0000000000006034       0x24 /private/var/folders/hj/1py1l1fn4579t9q2qnrjkywr0000gn/T/arduino-sketch-7C5C802966699E44C8864F857BFF6D5A/sketch/Serial.cpp.o
                0x0000000000006034                DelayCommand(int)
 .text._Z4MutePc
                0x0000000000006058       0x5c /private/var/folders/hj/1py1l1fn4579t9q2qnrjkywr0000gn/T/arduino-sketch-7C5C802966699E44C8864F857BFF6D5A/sketch/Serial.cpp.o
                0x0000000000006058                Mute(char*)
 .text._Z11ListThreadsv
                0x00000000000060b4       0xcc /private/var/folders/hj/1py1l1fn4579t9q2qnrjkywr0000gn/T/arduino-sketch-7C5C802966699E44C8864F857BFF6D5A/sketch/Serial.cpp.o
                0x00000000000060b4                ListThreads()
 .text._Z15SetThreadEnablePcS_
                0x0000000000006180       0x84 /private/var/folders/hj/1py1l1fn4579t9q2qnrjkywr0000gn/T/arduino-sketch-7C5C802966699E44C8864F857BFF6D5A/sketch/Serial.cpp.o
                0x0000000000006180                SetThreadEnable(char*, char*)
 .text._Z10SerialInitv
                0x0000000000006204       0x34 /private/var/folders/hj/1py1l1fn4579t9q2qnrjkywr0000gn/T/arduino-sketch-7C5C802966699E44C8864F857BFF6D5A/sketch/Serial.cpp.o
                0x0000000000006204                SerialInit()
 .text._Z10Char2Tokenc
                0x0000000000006238       0x24 /private/var/folders/hj/1py1l1fn4579t9q2qnrjkywr0000gn/T/arduino-sketch-7C5C802966699E44C8864F857BFF6D5A/sketch/Serial.cpp.o
                0x0000000000006238                Char2Token(char)
 .text._Z14ExecuteCommandP8CommandsiiPcS1_f
                0x000000000000625c      0x210 /private/var/folders/hj/1py1l1fn4579t9q2qnrjkywr0000gn/T/arduino-sketch-7C5C802966699E44C8864F857BFF6D5A/sketch/Serial.cpp.o
                0x000000000000625c                ExecuteCommand(Commands*, int, int, char*, char*, float)
 .text._Z11RB_CommandsP11Ring_Buffer
                0x000000000000646c        0x8 /private/var/folders/hj/1py1l1fn4579t9q2qnrjkywr0000gn/T/arduino-sketch-7C5C802966699E44C8864F857BFF6D5A/sketch/Serial.cpp.o
                0x000000000000646c                RB_Commands(Ring_Buffer*)
 .text._Z6RB_PutP11Ring_Bufferc
                0x0000000000006474       0x4c /private/var/folders/hj/1py1l1fn4579t9q2qnrjkywr0000gn/T/arduino-sketch-7C5C802966699E44C8864F857BFF6D5A/sketch/Serial.cpp.o
                0x0000000000006474                RB_Put(Ring_Buffer*, char)
 .text._Z6RB_GetP11Ring_Buffer
                0x00000000000064c0       0x68 /private/var/folders/hj/1py1l1fn4579t9q2qnrjkywr0000gn/T/arduino-sketch-7C5C802966699E44C8864F857BFF6D5A/sketch/Serial.cpp.o
                0x00000000000064c0                RB_Get(Ring_Buffer*)
 .text._Z7RB_NextP11Ring_Buffer
                0x0000000000006528       0x1c /private/var/folders/hj/1py1l1fn4579t9q2qnrjkywr0000gn/T/arduino-sketch-7C5C802966699E44C8864F857BFF6D5A/sketch/Serial.cpp.o
                0x0000000000006528                RB_Next(Ring_Buffer*)
 .text._Z8GetTokenb
                0x0000000000006544       0x84 /private/var/folders/hj/1py1l1fn4579t9q2qnrjkywr0000gn/T/arduino-sketch-7C5C802966699E44C8864F857BFF6D5A/sketch/Serial.cpp.o
                0x0000000000006544                GetToken(bool)
 .text._Z9UserInputPcPFvvE
                0x00000000000065c8       0x5c /private/var/folders/hj/1py1l1fn4579t9q2qnrjkywr0000gn/T/arduino-sketch-7C5C802966699E44C8864F857BFF6D5A/sketch/Serial.cpp.o
                0x00000000000065c8                UserInput(char*, void (*)())
 .text._Z14ProcessCommandv
                0x0000000000006624      0x2d0 /private/var/folders/hj/1py1l1fn4579t9q2qnrjkywr0000gn/T/arduino-sketch-7C5C802966699E44C8864F857BFF6D5A/sketch/Serial.cpp.o
                0x0000000000006624                ProcessCommand()
 .text._Z5PutChc
                0x00000000000068f4        0xc /private/var/folders/hj/1py1l1fn4579t9q2qnrjkywr0000gn/T/arduino-sketch-7C5C802966699E44C8864F857BFF6D5A/sketch/Serial.cpp.o
                0x00000000000068f4                PutCh(char)
 .text.startup._GLOBAL__sub_I_serial
                0x0000000000006900       0x14 /private/var/folders/hj/1py1l1fn4579t9q2qnrjkywr0000gn/T/arduino-sketch-7C5C802966699E44C8864F857BFF6D5A/sketch/Serial.cpp.o
 .text._ZN6Thread11setIntervalEl
                0x0000000000006914        0xe /private/var/folders/hj/1py1l1fn4579t9q2qnrjkywr0000gn/T/arduino-sketch-7C5C802966699E44C8864F857BFF6D5A/libraries/ArduinoThread/Thread.cpp.o
                0x0000000000006914                Thread::setInterval(long)
 .text._ZN6Thread14setNextRunTimeEl
                0x0000000000006922        0x4 /private/var/folders/hj/1py1l1fn4579t9q2qnrjkywr0000gn/T/arduino-sketch-7C5C802966699E44C8864F857BFF6D5A/libraries/ArduinoThread/Thread.cpp.o
                0x0000000000006922                Thread::setNextRunTime(long)
 .text._ZN6Thread9shouldRunEl
                0x0000000000006926       0x1a /private/var/folders/hj/1py1l1fn4579t9q2qnrjkywr0000gn/T/arduino-sketch-7C5C802966699E44C8864F857BFF6D5A/libraries/ArduinoThread/Thread.cpp.o
                0x0000000000006926                Thread::shouldRun(long)
 .text._ZN6ThreadC2EPFvvEl
                0x0000000000006940       0x38 /private/var/folders/hj/1py1l1fn4579t9q2qnrjkywr0000gn/T/arduino-sketch-7C5C802966699E44C8864F857BFF6D5A/libraries/ArduinoThread/Thread.cpp.o
                0x0000000000006940                Thread::Thread(void (*)(), long)
                0x0000000000006940                Thread::Thread(void (*)(), long)
 .text._ZN6Thread7setNameEPc
                0x0000000000006978        0x6 /private/var/folders/hj/1py1l1fn4579t9q2qnrjkywr0000gn/T/arduino-sketch-7C5C802966699E44C8864F857BFF6D5A/libraries/ArduinoThread/Thread.cpp.o
                0x0000000000006978                Thread::setName(char*)
 .text._ZN6Thread7getNameEv
                0x000000000000697e        0x4 /private/var/folders/hj/1py1l1fn4579t9q2qnrjkywr0000gn/T/arduino-sketch-7C5C802966699E44C8864F857BFF6D5A/libraries/ArduinoThread/Thread.cpp.o
                0x000000000000697e                Thread::getName()
 .text._ZN6Thread6runnedEl
                0x0000000000006982       0x16 /private/var/folders/hj/1py1l1fn4579t9q2qnrjkywr0000gn/T/arduino-sketch-7C5C802966699E44C8864F857BFF6D5A/libraries/ArduinoThread/Thread.cpp.o
                0x0000000000006982                Thread::runned(long)
 .text._ZN6Thread3runEv
                0x0000000000006998       0x24 /private/var/folders/hj/1py1l1fn4579t9q2qnrjkywr0000gn/T/arduino-sketch-7C5C802966699E44C8864F857BFF6D5A/libraries/ArduinoThread/Thread.cpp.o
                0x0000000000006998                Thread::run()
 .text._ZN6Thread5onRunEPFvvE
                0x00000000000069bc        0x4 /private/var/folders/hj/1py1l1fn4579t9q2qnrjkywr0000gn/T/arduino-sketch-7C5C802966699E44C8864F857BFF6D5A/libraries/ArduinoThread/Thread.cpp.o
                0x00000000000069bc                Thread::onRun(void (*)())
 .text._ZN6Thread5getIDEv
                0x00000000000069c0        0x4 /private/var/folders/hj/1py1l1fn4579t9q2qnrjkywr0000gn/T/arduino-sketch-7C5C802966699E44C8864F857BFF6D5A/libraries/ArduinoThread/Thread.cpp.o
                0x00000000000069c0                Thread::getID()
 .text._ZN6Thread11getIntervalEv
                0x00000000000069c4        0x4 /private/var/folders/hj/1py1l1fn4579t9q2qnrjkywr0000gn/T/arduino-sketch-7C5C802966699E44C8864F857BFF6D5A/libraries/ArduinoThread/Thread.cpp.o
                0x00000000000069c4                Thread::getInterval()
 .text._ZN6Thread9runTimeMsEv
                0x00000000000069c8        0x4 /private/var/folders/hj/1py1l1fn4579t9q2qnrjkywr0000gn/T/arduino-sketch-7C5C802966699E44C8864F857BFF6D5A/libraries/ArduinoThread/Thread.cpp.o
                0x00000000000069c8                Thread::runTimeMs()
 .text._ZN16ThreadController3runEv
                0x00000000000069cc       0x4c /private/var/folders/hj/1py1l1fn4579t9q2qnrjkywr0000gn/T/arduino-sketch-7C5C802966699E44C8864F857BFF6D5A/libraries/ArduinoThread/ThreadController.cpp.o
                0x00000000000069cc                ThreadController::run()
 .text._ZN16ThreadController3addEP6Thread
                0x0000000000006a18       0x3e /private/var/folders/hj/1py1l1fn4579t9q2qnrjkywr0000gn/T/arduino-sketch-7C5C802966699E44C8864F857BFF6D5A/libraries/ArduinoThread/ThreadController.cpp.o
                0x0000000000006a18                ThreadController::add(Thread*)
 .text._ZN16ThreadController5clearEv
                0x0000000000006a56       0x12 /private/var/folders/hj/1py1l1fn4579t9q2qnrjkywr0000gn/T/arduino-sketch-7C5C802966699E44C8864F857BFF6D5A/libraries/ArduinoThread/ThreadController.cpp.o
                0x0000000000006a56                ThreadController::clear()
 .text._ZN16ThreadControllerC2El
                0x0000000000006a68       0x2c /private/var/folders/hj/1py1l1fn4579t9q2qnrjkywr0000gn/T/arduino-sketch-7C5C802966699E44C8864F857BFF6D5A/libraries/ArduinoThread/ThreadController.cpp.o
                0x0000000000006a68                ThreadController::ThreadController(long)
                0x0000000000006a68                ThreadController::ThreadController(long)
 .text._ZN16ThreadController3getEi
                0x0000000000006a94       0x20 /private/var/folders/hj/1py1l1fn4579t9q2qnrjkywr0000gn/T/arduino-sketch-7C5C802966699E44C8864F857BFF6D5A/libraries/ArduinoThread/ThreadController.cpp.o
                0x0000000000006a94                ThreadController::get(int)
 .text._ZN16ThreadController3getEPKc
                0x0000000000006ab4       0x30 /private/var/folders/hj/1py1l1fn4579t9q2qnrjkywr0000gn/T/arduino-sketch-7C5C802966699E44C8864F857BFF6D5A/libraries/ArduinoThread/ThreadController.cpp.o
                0x0000000000006ab4                ThreadController::get(char const*)
 .text._ZN5Print17availableForWriteEv
                0x0000000000006ae4        0x4 /private/var/folders/hj/1py1l1fn4579t9q2qnrjkywr0000gn/T/arduino-sketch-7C5C802966699E44C8864F857BFF6D5A/libraries/Wire/Wire.cpp.o
                0x0000000000006ae4                Print::availableForWrite()
 .text._ZN7TwoWire5writeEPKhj
                0x0000000000006ae8       0x22 /private/var/folders/hj/1py1l1fn4579t9q2qnrjkywr0000gn/T/arduino-sketch-7C5C802966699E44C8864F857BFF6D5A/libraries/Wire/Wire.cpp.o
                0x0000000000006ae8                TwoWire::write(unsigned char const*, unsigned int)
 .text._ZN7TwoWire5flushEv
                0x0000000000006b0a        0x2 /private/var/folders/hj/1py1l1fn4579t9q2qnrjkywr0000gn/T/arduino-sketch-7C5C802966699E44C8864F857BFF6D5A/libraries/Wire/Wire.cpp.o
                0x0000000000006b0a                TwoWire::flush()
 .text._ZN7TwoWire4peekEv
                0x0000000000006b0c       0x1a /private/var/folders/hj/1py1l1fn4579t9q2qnrjkywr0000gn/T/arduino-sketch-7C5C802966699E44C8864F857BFF6D5A/libraries/Wire/Wire.cpp.o
                0x0000000000006b0c                TwoWire::peek()
 .text._ZN7TwoWire9availableEv
                0x0000000000006b26       0x12 /private/var/folders/hj/1py1l1fn4579t9q2qnrjkywr0000gn/T/arduino-sketch-7C5C802966699E44C8864F857BFF6D5A/libraries/Wire/Wire.cpp.o
                0x0000000000006b26                TwoWire::available()
 .text._ZN7TwoWireC2EP6SERCOMhh
                0x0000000000006b38       0x5c /private/var/folders/hj/1py1l1fn4579t9q2qnrjkywr0000gn/T/arduino-sketch-7C5C802966699E44C8864F857BFF6D5A/libraries/Wire/Wire.cpp.o
                0x0000000000006b38                TwoWire::TwoWire(SERCOM*, unsigned char, unsigned char)
                0x0000000000006b38                TwoWire::TwoWire(SERCOM*, unsigned char, unsigned char)
 .text._ZN7TwoWire5beginEv
                0x0000000000006b94       0x40 /private/var/folders/hj/1py1l1fn4579t9q2qnrjkywr0000gn/T/arduino-sketch-7C5C802966699E44C8864F857BFF6D5A/libraries/Wire/Wire.cpp.o
                0x0000000000006b94                TwoWire::begin()
 .text._ZN7TwoWire3endEv
                0x0000000000006bd4        0x6 /private/var/folders/hj/1py1l1fn4579t9q2qnrjkywr0000gn/T/arduino-sketch-7C5C802966699E44C8864F857BFF6D5A/libraries/Wire/Wire.cpp.o
                0x0000000000006bd4                TwoWire::end()
 .text._ZN7TwoWire17beginTransmissionEh
                0x0000000000006bda       0x14 /private/var/folders/hj/1py1l1fn4579t9q2qnrjkywr0000gn/T/arduino-sketch-7C5C802966699E44C8864F857BFF6D5A/libraries/Wire/Wire.cpp.o
                0x0000000000006bda                TwoWire::beginTransmission(unsigned char)
 .text._ZN11RingBufferNILi256EE10store_charEh
                0x0000000000006bee       0x1c /private/var/folders/hj/1py1l1fn4579t9q2qnrjkywr0000gn/T/arduino-sketch-7C5C802966699E44C8864F857BFF6D5A/libraries/Wire/Wire.cpp.o
                0x0000000000006bee                RingBufferN<256>::store_char(unsigned char)
 .text._ZN7TwoWire5writeEh
                0x0000000000006c0a       0x26 /private/var/folders/hj/1py1l1fn4579t9q2qnrjkywr0000gn/T/arduino-sketch-7C5C802966699E44C8864F857BFF6D5A/libraries/Wire/Wire.cpp.o
                0x0000000000006c0a                TwoWire::write(unsigned char)
 .text._ZN11RingBufferNILi256EE9read_charEv
                0x0000000000006c30       0x28 /private/var/folders/hj/1py1l1fn4579t9q2qnrjkywr0000gn/T/arduino-sketch-7C5C802966699E44C8864F857BFF6D5A/libraries/Wire/Wire.cpp.o
                0x0000000000006c30                RingBufferN<256>::read_char()
 .text._ZN7TwoWire15endTransmissionEb
                0x0000000000006c58       0x68 /private/var/folders/hj/1py1l1fn4579t9q2qnrjkywr0000gn/T/arduino-sketch-7C5C802966699E44C8864F857BFF6D5A/libraries/Wire/Wire.cpp.o
                0x0000000000006c58                TwoWire::endTransmission(bool)
 .text._ZN7TwoWire15endTransmissionEv
                0x0000000000006cc0        0x6 /private/var/folders/hj/1py1l1fn4579t9q2qnrjkywr0000gn/T/arduino-sketch-7C5C802966699E44C8864F857BFF6D5A/libraries/Wire/Wire.cpp.o
                0x0000000000006cc0                TwoWire::endTransmission()
 .text._ZN7TwoWire4readEv
                0x0000000000006cc6        0xa /private/var/folders/hj/1py1l1fn4579t9q2qnrjkywr0000gn/T/arduino-sketch-7C5C802966699E44C8864F857BFF6D5A/libraries/Wire/Wire.cpp.o
                0x0000000000006cc6                TwoWire::read()
 .text.startup._GLOBAL__sub_I__ZN7TwoWireC2EP6SERCOMhh
                0x0000000000006cd0       0x14 /private/var/folders/hj/1py1l1fn4579t9q2qnrjkywr0000gn/T/arduino-sketch-7C5C802966699E44C8864F857BFF6D5A/libraries/Wire/Wire.cpp.o
 .text._ZN8SPIClass3endEv
                0x0000000000006ce4       0x10 /private/var/folders/hj/1py1l1fn4579t9q2qnrjkywr0000gn/T/arduino-sketch-7C5C802966699E44C8864F857BFF6D5A/libraries/SPI/SPI.cpp.o
                0x0000000000006ce4                SPIClass::end()
 .text.startup._GLOBAL__sub_I__ZN8SPIClassC2EP6SERCOMhhh14SercomSpiTXPad11SercomRXPad
                0x0000000000006cf4       0x38 /private/var/folders/hj/1py1l1fn4579t9q2qnrjkywr0000gn/T/arduino-sketch-7C5C802966699E44C8864F857BFF6D5A/libraries/SPI/SPI.cpp.o
 .text.startup._GLOBAL__sub_I_eeprom_storage
                0x0000000000006d2c       0x28 /private/var/folders/hj/1py1l1fn4579t9q2qnrjkywr0000gn/T/arduino-sketch-7C5C802966699E44C8864F857BFF6D5A/libraries/FlashStorage/FlashAsEEPROM.cpp.o
 .text._ZN10FlashClassC2EPKvm
                0x0000000000006d54       0x30 /private/var/folders/hj/1py1l1fn4579t9q2qnrjkywr0000gn/T/arduino-sketch-7C5C802966699E44C8864F857BFF6D5A/libraries/FlashStorage/FlashStorage.cpp.o
                0x0000000000006d54                FlashClass::FlashClass(void const*, unsigned long)
                0x0000000000006d54                FlashClass::FlashClass(void const*, unsigned long)
 .text._ZN10FlashClass5writeEPVKvPKvm
                0x0000000000006d84       0x74 /private/var/folders/hj/1py1l1fn4579t9q2qnrjkywr0000gn/T/arduino-sketch-7C5C802966699E44C8864F857BFF6D5A/libraries/FlashStorage/FlashStorage.cpp.o
                0x0000000000006d84                FlashClass::write(void const volatile*, void const*, unsigned long)
 .text._ZN10FlashClass5eraseEPVKv
                0x0000000000006df8       0x18 /private/var/folders/hj/1py1l1fn4579t9q2qnrjkywr0000gn/T/arduino-sketch-7C5C802966699E44C8864F857BFF6D5A/libraries/FlashStorage/FlashStorage.cpp.o
                0x0000000000006df8                FlashClass::erase(void const volatile*)
 .text._ZN10FlashClass5eraseEPVKvm
                0x0000000000006e10       0x26 /private/var/folders/hj/1py1l1fn4579t9q2qnrjkywr0000gn/T/arduino-sketch-7C5C802966699E44C8864F857BFF6D5A/libraries/FlashStorage/FlashStorage.cpp.o
                0x0000000000006e10                FlashClass::erase(void const volatile*, unsigned long)
 .text._ZN10FlashClass4readEPVKvPvm
                0x0000000000006e36        0x8 /private/var/folders/hj/1py1l1fn4579t9q2qnrjkywr0000gn/T/arduino-sketch-7C5C802966699E44C8864F857BFF6D5A/libraries/FlashStorage/FlashStorage.cpp.o
                0x0000000000006e36                FlashClass::read(void const volatile*, void*, unsigned long)
 *fill*         0x0000000000006e3e        0x2 
 .text.SERCOM3_0_Handler
                0x0000000000006e40        0xc /private/var/folders/hj/1py1l1fn4579t9q2qnrjkywr0000gn/T/arduino-sketch-7C5C802966699E44C8864F857BFF6D5A/core/variant.cpp.o
                0x0000000000006e40                SERCOM3_0_Handler
 .text.SERCOM3_1_Handler
                0x0000000000006e4c        0xc /private/var/folders/hj/1py1l1fn4579t9q2qnrjkywr0000gn/T/arduino-sketch-7C5C802966699E44C8864F857BFF6D5A/core/variant.cpp.o
                0x0000000000006e4c                SERCOM3_1_Handler
 .text.SERCOM3_2_Handler
                0x0000000000006e58        0xc /private/var/folders/hj/1py1l1fn4579t9q2qnrjkywr0000gn/T/arduino-sketch-7C5C802966699E44C8864F857BFF6D5A/core/variant.cpp.o
                0x0000000000006e58                SERCOM3_2_Handler
 .text.SERCOM3_3_Handler
                0x0000000000006e64        0xc /private/var/folders/hj/1py1l1fn4579t9q2qnrjkywr0000gn/T/arduino-sketch-7C5C802966699E44C8864F857BFF6D5A/core/variant.cpp.o
                0x0000000000006e64                SERCOM3_3_Handler
 .text.startup._GLOBAL__sub_I_g_APinDescription
                0x0000000000006e70       0x7c /private/var/folders/hj/1py1l1fn4579t9q2qnrjkywr0000gn/T/arduino-sketch-7C5C802966699E44C8864F857BFF6D5A/core/variant.cpp.o
 .text.sqrt     0x0000000000006eec       0xbc /Users/gordonanderson/Library/Arduino15/packages/arduino/tools/arm-none-eabi-gcc/4.8.3-2014q1/bin/../lib/gcc/arm-none-eabi/4.8.3/../../../../arm-none-eabi/lib/armv7e-m/fpu/libm.a(lib_a-w_sqrt.o)
                0x0000000000006eec                sqrt
 .text.__ieee754_sqrt
                0x0000000000006fa8      0x198 /Users/gordonanderson/Library/Arduino15/packages/arduino/tools/arm-none-eabi-gcc/4.8.3-2014q1/bin/../lib/gcc/arm-none-eabi/4.8.3/../../../../arm-none-eabi/lib/armv7e-m/fpu/libm.a(lib_a-e_sqrt.o)
                0x0000000000006fa8                __ieee754_sqrt
 .text.__fpclassifyd
                0x0000000000007140       0x54 /Users/gordonanderson/Library/Arduino15/packages/arduino/tools/arm-none-eabi-gcc/4.8.3-2014q1/bin/../lib/gcc/arm-none-eabi/4.8.3/../../../../arm-none-eabi/lib/armv7e-m/fpu/libm.a(lib_a-s_fpclassify.o)
                0x0000000000007140                __fpclassifyd
 .text.matherr  0x0000000000007194        0x4 /Users/gordonanderson/Library/Arduino15/packages/arduino/tools/arm-none-eabi-gcc/4.8.3-2014q1/bin/../lib/gcc/arm-none-eabi/4.8.3/../../../../arm-none-eabi/lib/armv7e-m/fpu/libm.a(lib_a-s_matherr.o)
                0x0000000000007194                matherr
 .text._ZN5Print5writeEPKhj
                0x0000000000007198       0x22 /private/var/folders/hj/1py1l1fn4579t9q2qnrjkywr0000gn/T/arduino-sketch-7C5C802966699E44C8864F857BFF6D5A/../arduino-core-cache/core_adafruit_samd_adafruit_itsybitsy_m4_cache_on_028f04db71604169935d71340ec685c9.a(Print.cpp.o)
                0x0000000000007198                Print::write(unsigned char const*, unsigned int)
 .text._ZN5Print5printEmi.part.4
                0x00000000000071ba        0xc /private/var/folders/hj/1py1l1fn4579t9q2qnrjkywr0000gn/T/arduino-sketch-7C5C802966699E44C8864F857BFF6D5A/../arduino-core-cache/core_adafruit_samd_adafruit_itsybitsy_m4_cache_on_028f04db71604169935d71340ec685c9.a(Print.cpp.o)
 .text._ZN5Print5printEPKc
                0x00000000000071c6        0x8 /private/var/folders/hj/1py1l1fn4579t9q2qnrjkywr0000gn/T/arduino-sketch-7C5C802966699E44C8864F857BFF6D5A/../arduino-core-cache/core_adafruit_samd_adafruit_itsybitsy_m4_cache_on_028f04db71604169935d71340ec685c9.a(Print.cpp.o)
                0x00000000000071c6                Print::print(char const*)
 .text._ZN5Print5printEc
                0x00000000000071ce        0xa /private/var/folders/hj/1py1l1fn4579t9q2qnrjkywr0000gn/T/arduino-sketch-7C5C802966699E44C8864F857BFF6D5A/../arduino-core-cache/core_adafruit_samd_adafruit_itsybitsy_m4_cache_on_028f04db71604169935d71340ec685c9.a(Print.cpp.o)
                0x00000000000071ce                Print::print(char)
 .text._ZN5Print7printlnEv
                0x00000000000071d8       0x10 /private/var/folders/hj/1py1l1fn4579t9q2qnrjkywr0000gn/T/arduino-sketch-7C5C802966699E44C8864F857BFF6D5A/../arduino-core-cache/core_adafruit_samd_adafruit_itsybitsy_m4_cache_on_028f04db71604169935d71340ec685c9.a(Print.cpp.o)
                0x00000000000071d8                Print::println()
 .text._ZN5Print7printlnEPKc
                0x00000000000071e8       0x14 /private/var/folders/hj/1py1l1fn4579t9q2qnrjkywr0000gn/T/arduino-sketch-7C5C802966699E44C8864F857BFF6D5A/../arduino-core-cache/core_adafruit_samd_adafruit_itsybitsy_m4_cache_on_028f04db71604169935d71340ec685c9.a(Print.cpp.o)
                0x00000000000071e8                Print::println(char const*)
 .text._ZN5Print11printNumberEmh
                0x00000000000071fc       0x3e /private/var/folders/hj/1py1l1fn4579t9q2qnrjkywr0000gn/T/arduino-sketch-7C5C802966699E44C8864F857BFF6D5A/../arduino-core-cache/core_adafruit_samd_adafruit_itsybitsy_m4_cache_on_028f04db71604169935d71340ec685c9.a(Print.cpp.o)
                0x00000000000071fc                Print::printNumber(unsigned long, unsigned char)
 .text._ZN5Print5printEli
                0x000000000000723a       0x3c /private/var/folders/hj/1py1l1fn4579t9q2qnrjkywr0000gn/T/arduino-sketch-7C5C802966699E44C8864F857BFF6D5A/../arduino-core-cache/core_adafruit_samd_adafruit_itsybitsy_m4_cache_on_028f04db71604169935d71340ec685c9.a(Print.cpp.o)
                0x000000000000723a                Print::print(long, int)
 .text._ZN5Print5printEii
                0x0000000000007276        0x4 /private/var/folders/hj/1py1l1fn4579t9q2qnrjkywr0000gn/T/arduino-sketch-7C5C802966699E44C8864F857BFF6D5A/../arduino-core-cache/core_adafruit_samd_adafruit_itsybitsy_m4_cache_on_028f04db71604169935d71340ec685c9.a(Print.cpp.o)
                0x0000000000007276                Print::print(int, int)
 .text._ZN5Print7printlnEii
                0x000000000000727a       0x14 /private/var/folders/hj/1py1l1fn4579t9q2qnrjkywr0000gn/T/arduino-sketch-7C5C802966699E44C8864F857BFF6D5A/../arduino-core-cache/core_adafruit_samd_adafruit_itsybitsy_m4_cache_on_028f04db71604169935d71340ec685c9.a(Print.cpp.o)
                0x000000000000727a                Print::println(int, int)
 .text._ZN5Print5printEmi
                0x000000000000728e        0xc /private/var/folders/hj/1py1l1fn4579t9q2qnrjkywr0000gn/T/arduino-sketch-7C5C802966699E44C8864F857BFF6D5A/../arduino-core-cache/core_adafruit_samd_adafruit_itsybitsy_m4_cache_on_028f04db71604169935d71340ec685c9.a(Print.cpp.o)
                0x000000000000728e                Print::print(unsigned long, int)
 .text._ZN5Print5printEhi
                0x000000000000729a        0x4 /private/var/folders/hj/1py1l1fn4579t9q2qnrjkywr0000gn/T/arduino-sketch-7C5C802966699E44C8864F857BFF6D5A/../arduino-core-cache/core_adafruit_samd_adafruit_itsybitsy_m4_cache_on_028f04db71604169935d71340ec685c9.a(Print.cpp.o)
                0x000000000000729a                Print::print(unsigned char, int)
 .text._ZN5Print7printlnEhi
                0x000000000000729e       0x14 /private/var/folders/hj/1py1l1fn4579t9q2qnrjkywr0000gn/T/arduino-sketch-7C5C802966699E44C8864F857BFF6D5A/../arduino-core-cache/core_adafruit_samd_adafruit_itsybitsy_m4_cache_on_028f04db71604169935d71340ec685c9.a(Print.cpp.o)
                0x000000000000729e                Print::println(unsigned char, int)
 .text._ZN5Print7printlnEmi
                0x00000000000072b2       0x14 /private/var/folders/hj/1py1l1fn4579t9q2qnrjkywr0000gn/T/arduino-sketch-7C5C802966699E44C8864F857BFF6D5A/../arduino-core-cache/core_adafruit_samd_adafruit_itsybitsy_m4_cache_on_028f04db71604169935d71340ec685c9.a(Print.cpp.o)
                0x00000000000072b2                Print::println(unsigned long, int)
 *fill*         0x00000000000072c6        0x2 
 .text._ZN5Print10printFloatEdh
                0x00000000000072c8      0x140 /private/var/folders/hj/1py1l1fn4579t9q2qnrjkywr0000gn/T/arduino-sketch-7C5C802966699E44C8864F857BFF6D5A/../arduino-core-cache/core_adafruit_samd_adafruit_itsybitsy_m4_cache_on_028f04db71604169935d71340ec685c9.a(Print.cpp.o)
                0x00000000000072c8                Print::printFloat(double, unsigned char)
 .text._ZN5Print7printlnEdi
                0x0000000000007408       0x16 /private/var/folders/hj/1py1l1fn4579t9q2qnrjkywr0000gn/T/arduino-sketch-7C5C802966699E44C8864F857BFF6D5A/../arduino-core-cache/core_adafruit_samd_adafruit_itsybitsy_m4_cache_on_028f04db71604169935d71340ec685c9.a(Print.cpp.o)
                0x0000000000007408                Print::println(double, int)
 .text._ZN6SERCOMC2EP6Sercom
                0x000000000000741e        0x4 /private/var/folders/hj/1py1l1fn4579t9q2qnrjkywr0000gn/T/arduino-sketch-7C5C802966699E44C8864F857BFF6D5A/../arduino-core-cache/core_adafruit_samd_adafruit_itsybitsy_m4_cache_on_028f04db71604169935d71340ec685c9.a(SERCOM.cpp.o)
                0x000000000000741e                SERCOM::SERCOM(Sercom*)
                0x000000000000741e                SERCOM::SERCOM(Sercom*)
 .text._ZN6SERCOM9initFrameE18SercomUartCharSize15SercomDataOrder16SercomParityMode19SercomNumberStopBit
                0x0000000000007422       0x34 /private/var/folders/hj/1py1l1fn4579t9q2qnrjkywr0000gn/T/arduino-sketch-7C5C802966699E44C8864F857BFF6D5A/../arduino-core-cache/core_adafruit_samd_adafruit_itsybitsy_m4_cache_on_028f04db71604169935d71340ec685c9.a(SERCOM.cpp.o)
                0x0000000000007422                SERCOM::initFrame(SercomUartCharSize, SercomDataOrder, SercomParityMode, SercomNumberStopBit)
 .text._ZN6SERCOM8initPadsE15SercomUartTXPad11SercomRXPad
                0x0000000000007456       0x24 /private/var/folders/hj/1py1l1fn4579t9q2qnrjkywr0000gn/T/arduino-sketch-7C5C802966699E44C8864F857BFF6D5A/../arduino-core-cache/core_adafruit_samd_adafruit_itsybitsy_m4_cache_on_028f04db71604169935d71340ec685c9.a(SERCOM.cpp.o)
                0x0000000000007456                SERCOM::initPads(SercomUartTXPad, SercomRXPad)
 .text._ZN6SERCOM9resetUARTEv
                0x000000000000747a       0x1a /private/var/folders/hj/1py1l1fn4579t9q2qnrjkywr0000gn/T/arduino-sketch-7C5C802966699E44C8864F857BFF6D5A/../arduino-core-cache/core_adafruit_samd_adafruit_itsybitsy_m4_cache_on_028f04db71604169935d71340ec685c9.a(SERCOM.cpp.o)
                0x000000000000747a                SERCOM::resetUART()
 .text._ZN6SERCOM10enableUARTEv
                0x0000000000007494       0x14 /private/var/folders/hj/1py1l1fn4579t9q2qnrjkywr0000gn/T/arduino-sketch-7C5C802966699E44C8864F857BFF6D5A/../arduino-core-cache/core_adafruit_samd_adafruit_itsybitsy_m4_cache_on_028f04db71604169935d71340ec685c9.a(SERCOM.cpp.o)
                0x0000000000007494                SERCOM::enableUART()
 .text._ZN6SERCOM9flushUARTEv
                0x00000000000074a8       0x14 /private/var/folders/hj/1py1l1fn4579t9q2qnrjkywr0000gn/T/arduino-sketch-7C5C802966699E44C8864F857BFF6D5A/../arduino-core-cache/core_adafruit_samd_adafruit_itsybitsy_m4_cache_on_028f04db71604169935d71340ec685c9.a(SERCOM.cpp.o)
                0x00000000000074a8                SERCOM::flushUART()
 .text._ZN6SERCOM15clearStatusUARTEv
                0x00000000000074bc        0x8 /private/var/folders/hj/1py1l1fn4579t9q2qnrjkywr0000gn/T/arduino-sketch-7C5C802966699E44C8864F857BFF6D5A/../arduino-core-cache/core_adafruit_samd_adafruit_itsybitsy_m4_cache_on_028f04db71604169935d71340ec685c9.a(SERCOM.cpp.o)
                0x00000000000074bc                SERCOM::clearStatusUART()
 .text._ZN6SERCOM17availableDataUARTEv
                0x00000000000074c4        0xa /private/var/folders/hj/1py1l1fn4579t9q2qnrjkywr0000gn/T/arduino-sketch-7C5C802966699E44C8864F857BFF6D5A/../arduino-core-cache/core_adafruit_samd_adafruit_itsybitsy_m4_cache_on_028f04db71604169935d71340ec685c9.a(SERCOM.cpp.o)
                0x00000000000074c4                SERCOM::availableDataUART()
 .text._ZN6SERCOM11isUARTErrorEv
                0x00000000000074ce        0x8 /private/var/folders/hj/1py1l1fn4579t9q2qnrjkywr0000gn/T/arduino-sketch-7C5C802966699E44C8864F857BFF6D5A/../arduino-core-cache/core_adafruit_samd_adafruit_itsybitsy_m4_cache_on_028f04db71604169935d71340ec685c9.a(SERCOM.cpp.o)
                0x00000000000074ce                SERCOM::isUARTError()
 .text._ZN6SERCOM20acknowledgeUARTErrorEv
                0x00000000000074d6        0xc /private/var/folders/hj/1py1l1fn4579t9q2qnrjkywr0000gn/T/arduino-sketch-7C5C802966699E44C8864F857BFF6D5A/../arduino-core-cache/core_adafruit_samd_adafruit_itsybitsy_m4_cache_on_028f04db71604169935d71340ec685c9.a(SERCOM.cpp.o)
                0x00000000000074d6                SERCOM::acknowledgeUARTError()
 .text._ZN6SERCOM16isFrameErrorUARTEv
                0x00000000000074e2        0xa /private/var/folders/hj/1py1l1fn4579t9q2qnrjkywr0000gn/T/arduino-sketch-7C5C802966699E44C8864F857BFF6D5A/../arduino-core-cache/core_adafruit_samd_adafruit_itsybitsy_m4_cache_on_028f04db71604169935d71340ec685c9.a(SERCOM.cpp.o)
                0x00000000000074e2                SERCOM::isFrameErrorUART()
 .text._ZN6SERCOM19clearFrameErrorUARTEv
                0x00000000000074ec        0xc /private/var/folders/hj/1py1l1fn4579t9q2qnrjkywr0000gn/T/arduino-sketch-7C5C802966699E44C8864F857BFF6D5A/../arduino-core-cache/core_adafruit_samd_adafruit_itsybitsy_m4_cache_on_028f04db71604169935d71340ec685c9.a(SERCOM.cpp.o)
                0x00000000000074ec                SERCOM::clearFrameErrorUART()
 .text._ZN6SERCOM23isDataRegisterEmptyUARTEv
                0x00000000000074f8        0xa /private/var/folders/hj/1py1l1fn4579t9q2qnrjkywr0000gn/T/arduino-sketch-7C5C802966699E44C8864F857BFF6D5A/../arduino-core-cache/core_adafruit_samd_adafruit_itsybitsy_m4_cache_on_028f04db71604169935d71340ec685c9.a(SERCOM.cpp.o)
                0x00000000000074f8                SERCOM::isDataRegisterEmptyUART()
 .text._ZN6SERCOM12readDataUARTEv
                0x0000000000007502        0x8 /private/var/folders/hj/1py1l1fn4579t9q2qnrjkywr0000gn/T/arduino-sketch-7C5C802966699E44C8864F857BFF6D5A/../arduino-core-cache/core_adafruit_samd_adafruit_itsybitsy_m4_cache_on_028f04db71604169935d71340ec685c9.a(SERCOM.cpp.o)
                0x0000000000007502                SERCOM::readDataUART()
 .text._ZN6SERCOM13writeDataUARTEh
                0x000000000000750a        0xe /private/var/folders/hj/1py1l1fn4579t9q2qnrjkywr0000gn/T/arduino-sketch-7C5C802966699E44C8864F857BFF6D5A/../arduino-core-cache/core_adafruit_samd_adafruit_itsybitsy_m4_cache_on_028f04db71604169935d71340ec685c9.a(SERCOM.cpp.o)
                0x000000000000750a                SERCOM::writeDataUART(unsigned char)
 .text._ZN6SERCOM36enableDataRegisterEmptyInterruptUARTEv
                0x0000000000007518        0x8 /private/var/folders/hj/1py1l1fn4579t9q2qnrjkywr0000gn/T/arduino-sketch-7C5C802966699E44C8864F857BFF6D5A/../arduino-core-cache/core_adafruit_samd_adafruit_itsybitsy_m4_cache_on_028f04db71604169935d71340ec685c9.a(SERCOM.cpp.o)
                0x0000000000007518                SERCOM::enableDataRegisterEmptyInterruptUART()
 .text._ZN6SERCOM37disableDataRegisterEmptyInterruptUARTEv
                0x0000000000007520        0x8 /private/var/folders/hj/1py1l1fn4579t9q2qnrjkywr0000gn/T/arduino-sketch-7C5C802966699E44C8864F857BFF6D5A/../arduino-core-cache/core_adafruit_samd_adafruit_itsybitsy_m4_cache_on_028f04db71604169935d71340ec685c9.a(SERCOM.cpp.o)
                0x0000000000007520                SERCOM::disableDataRegisterEmptyInterruptUART()
 .text._ZN6SERCOM8resetSPIEv
                0x0000000000007528       0x1a /private/var/folders/hj/1py1l1fn4579t9q2qnrjkywr0000gn/T/arduino-sketch-7C5C802966699E44C8864F857BFF6D5A/../arduino-core-cache/core_adafruit_samd_adafruit_itsybitsy_m4_cache_on_028f04db71604169935d71340ec685c9.a(SERCOM.cpp.o)
                0x0000000000007528                SERCOM::resetSPI()
 .text._ZN6SERCOM9resetWIREEv
                0x0000000000007542       0x1a /private/var/folders/hj/1py1l1fn4579t9q2qnrjkywr0000gn/T/arduino-sketch-7C5C802966699E44C8864F857BFF6D5A/../arduino-core-cache/core_adafruit_samd_adafruit_itsybitsy_m4_cache_on_028f04db71604169935d71340ec685c9.a(SERCOM.cpp.o)
                0x0000000000007542                SERCOM::resetWIRE()
 .text._ZN6SERCOM10enableWIREEv
                0x000000000000755c       0x26 /private/var/folders/hj/1py1l1fn4579t9q2qnrjkywr0000gn/T/arduino-sketch-7C5C802966699E44C8864F857BFF6D5A/../arduino-core-cache/core_adafruit_samd_adafruit_itsybitsy_m4_cache_on_028f04db71604169935d71340ec685c9.a(SERCOM.cpp.o)
                0x000000000000755c                SERCOM::enableWIRE()
 .text._ZN6SERCOM11disableWIREEv
                0x0000000000007582       0x14 /private/var/folders/hj/1py1l1fn4579t9q2qnrjkywr0000gn/T/arduino-sketch-7C5C802966699E44C8864F857BFF6D5A/../arduino-core-cache/core_adafruit_samd_adafruit_itsybitsy_m4_cache_on_028f04db71604169935d71340ec685c9.a(SERCOM.cpp.o)
                0x0000000000007582                SERCOM::disableWIRE()
 .text._ZN6SERCOM22prepareCommandBitsWireEh
                0x0000000000007596       0x24 /private/var/folders/hj/1py1l1fn4579t9q2qnrjkywr0000gn/T/arduino-sketch-7C5C802966699E44C8864F857BFF6D5A/../arduino-core-cache/core_adafruit_samd_adafruit_itsybitsy_m4_cache_on_028f04db71604169935d71340ec685c9.a(SERCOM.cpp.o)
                0x0000000000007596                SERCOM::prepareCommandBitsWire(unsigned char)
 .text._ZN6SERCOM21startTransmissionWIREEh23SercomWireReadWriteFlag
                0x00000000000075ba       0x56 /private/var/folders/hj/1py1l1fn4579t9q2qnrjkywr0000gn/T/arduino-sketch-7C5C802966699E44C8864F857BFF6D5A/../arduino-core-cache/core_adafruit_samd_adafruit_itsybitsy_m4_cache_on_028f04db71604169935d71340ec685c9.a(SERCOM.cpp.o)
                0x00000000000075ba                SERCOM::startTransmissionWIRE(unsigned char, SercomWireReadWriteFlag)
 .text._ZN6SERCOM18sendDataMasterWIREEh
                0x0000000000007610       0x22 /private/var/folders/hj/1py1l1fn4579t9q2qnrjkywr0000gn/T/arduino-sketch-7C5C802966699E44C8864F857BFF6D5A/../arduino-core-cache/core_adafruit_samd_adafruit_itsybitsy_m4_cache_on_028f04db71604169935d71340ec685c9.a(SERCOM.cpp.o)
                0x0000000000007610                SERCOM::sendDataMasterWIRE(unsigned char)
 *fill*         0x0000000000007632        0x2 
 .text._ZN6SERCOM13initClockNVICEv
                0x0000000000007634      0x1c8 /private/var/folders/hj/1py1l1fn4579t9q2qnrjkywr0000gn/T/arduino-sketch-7C5C802966699E44C8864F857BFF6D5A/../arduino-core-cache/core_adafruit_samd_adafruit_itsybitsy_m4_cache_on_028f04db71604169935d71340ec685c9.a(SERCOM.cpp.o)
                0x0000000000007634                SERCOM::initClockNVIC()
 .text._ZN6SERCOM8initUARTE14SercomUartMode20SercomUartSampleRatem
                0x00000000000077fc       0x5c /private/var/folders/hj/1py1l1fn4579t9q2qnrjkywr0000gn/T/arduino-sketch-7C5C802966699E44C8864F857BFF6D5A/../arduino-core-cache/core_adafruit_samd_adafruit_itsybitsy_m4_cache_on_028f04db71604169935d71340ec685c9.a(SERCOM.cpp.o)
                0x00000000000077fc                SERCOM::initUART(SercomUartMode, SercomUartSampleRate, unsigned long)
 .text._ZN6SERCOM14initMasterWIREEm
                0x0000000000007858       0x34 /private/var/folders/hj/1py1l1fn4579t9q2qnrjkywr0000gn/T/arduino-sketch-7C5C802966699E44C8864F857BFF6D5A/../arduino-core-cache/core_adafruit_samd_adafruit_itsybitsy_m4_cache_on_028f04db71604169935d71340ec685c9.a(SERCOM.cpp.o)
                0x0000000000007858                SERCOM::initMasterWIRE(unsigned long)
 .text._ZN7Serial_17availableForWriteEv
                0x000000000000788c        0x4 /private/var/folders/hj/1py1l1fn4579t9q2qnrjkywr0000gn/T/arduino-sketch-7C5C802966699E44C8864F857BFF6D5A/../arduino-core-cache/core_adafruit_samd_adafruit_itsybitsy_m4_cache_on_028f04db71604169935d71340ec685c9.a(CDC.cpp.o)
                0x000000000000788c                Serial_::availableForWrite()
 .text._ZN7Serial_5writeEh
                0x0000000000007890       0x16 /private/var/folders/hj/1py1l1fn4579t9q2qnrjkywr0000gn/T/arduino-sketch-7C5C802966699E44C8864F857BFF6D5A/../arduino-core-cache/core_adafruit_samd_adafruit_itsybitsy_m4_cache_on_028f04db71604169935d71340ec685c9.a(CDC.cpp.o)
                0x0000000000007890                Serial_::write(unsigned char)
 .text._ZN7Serial_9availableEv
                0x00000000000078a6        0x8 /private/var/folders/hj/1py1l1fn4579t9q2qnrjkywr0000gn/T/arduino-sketch-7C5C802966699E44C8864F857BFF6D5A/../arduino-core-cache/core_adafruit_samd_adafruit_itsybitsy_m4_cache_on_028f04db71604169935d71340ec685c9.a(CDC.cpp.o)
                0x00000000000078a6                Serial_::available()
 .text._ZN7Serial_5flushEv
                0x00000000000078ae        0x8 /private/var/folders/hj/1py1l1fn4579t9q2qnrjkywr0000gn/T/arduino-sketch-7C5C802966699E44C8864F857BFF6D5A/../arduino-core-cache/core_adafruit_samd_adafruit_itsybitsy_m4_cache_on_028f04db71604169935d71340ec685c9.a(CDC.cpp.o)
                0x00000000000078ae                Serial_::flush()
 *fill*         0x00000000000078b6        0x2 
 .text._ZN7Serial_5writeEPKhj
                0x00000000000078b8       0x2c /private/var/folders/hj/1py1l1fn4579t9q2qnrjkywr0000gn/T/arduino-sketch-7C5C802966699E44C8864F857BFF6D5A/../arduino-core-cache/core_adafruit_samd_adafruit_itsybitsy_m4_cache_on_028f04db71604169935d71340ec685c9.a(CDC.cpp.o)
                0x00000000000078b8                Serial_::write(unsigned char const*, unsigned int)
 .text._ZN7Serial_4peekEv
                0x00000000000078e4       0x1c /private/var/folders/hj/1py1l1fn4579t9q2qnrjkywr0000gn/T/arduino-sketch-7C5C802966699E44C8864F857BFF6D5A/../arduino-core-cache/core_adafruit_samd_adafruit_itsybitsy_m4_cache_on_028f04db71604169935d71340ec685c9.a(CDC.cpp.o)
                0x00000000000078e4                Serial_::peek()
 .text._ZN7Serial_4readEv
                0x0000000000007900       0x20 /private/var/folders/hj/1py1l1fn4579t9q2qnrjkywr0000gn/T/arduino-sketch-7C5C802966699E44C8864F857BFF6D5A/../arduino-core-cache/core_adafruit_samd_adafruit_itsybitsy_m4_cache_on_028f04db71604169935d71340ec685c9.a(CDC.cpp.o)
                0x0000000000007900                Serial_::read()
 .text._Z16CDC_GetInterfacePh
                0x0000000000007920       0x18 /private/var/folders/hj/1py1l1fn4579t9q2qnrjkywr0000gn/T/arduino-sketch-7C5C802966699E44C8864F857BFF6D5A/../arduino-core-cache/core_adafruit_samd_adafruit_itsybitsy_m4_cache_on_028f04db71604169935d71340ec685c9.a(CDC.cpp.o)
                0x0000000000007920                CDC_GetInterface(unsigned char*)
 .text._Z9CDC_SetupR8USBSetup
                0x0000000000007938       0x7c /private/var/folders/hj/1py1l1fn4579t9q2qnrjkywr0000gn/T/arduino-sketch-7C5C802966699E44C8864F857BFF6D5A/../arduino-core-cache/core_adafruit_samd_adafruit_itsybitsy_m4_cache_on_028f04db71604169935d71340ec685c9.a(CDC.cpp.o)
                0x0000000000007938                CDC_Setup(USBSetup&)
 .text._ZN7Serial_5beginEm
                0x00000000000079b4        0x2 /private/var/folders/hj/1py1l1fn4579t9q2qnrjkywr0000gn/T/arduino-sketch-7C5C802966699E44C8864F857BFF6D5A/../arduino-core-cache/core_adafruit_samd_adafruit_itsybitsy_m4_cache_on_028f04db71604169935d71340ec685c9.a(CDC.cpp.o)
                0x00000000000079b4                Serial_::begin(unsigned long)
 .text._ZN7Serial_3endEv
                0x00000000000079b6        0x2 /private/var/folders/hj/1py1l1fn4579t9q2qnrjkywr0000gn/T/arduino-sketch-7C5C802966699E44C8864F857BFF6D5A/../arduino-core-cache/core_adafruit_samd_adafruit_itsybitsy_m4_cache_on_028f04db71604169935d71340ec685c9.a(CDC.cpp.o)
                0x00000000000079b6                Serial_::end()
 .text.startup._GLOBAL__sub_I__Z17_CDC_GetInterfacev
                0x00000000000079b8       0x24 /private/var/folders/hj/1py1l1fn4579t9q2qnrjkywr0000gn/T/arduino-sketch-7C5C802966699E44C8864F857BFF6D5A/../arduino-core-cache/core_adafruit_samd_adafruit_itsybitsy_m4_cache_on_028f04db71604169935d71340ec685c9.a(CDC.cpp.o)
 .text._ZN26DoubleBufferedEPOutHandler4initEv
                0x00000000000079dc        0x2 /private/var/folders/hj/1py1l1fn4579t9q2qnrjkywr0000gn/T/arduino-sketch-7C5C802966699E44C8864F857BFF6D5A/../arduino-core-cache/core_adafruit_samd_adafruit_itsybitsy_m4_cache_on_028f04db71604169935d71340ec685c9.a(USBCore.cpp.o)
                0x00000000000079dc                DoubleBufferedEPOutHandler::init()
 *fill*         0x00000000000079de        0x2 
 .text._ZN14USBDeviceClass6initEPEmm.part.4
                0x00000000000079e0       0xc0 /private/var/folders/hj/1py1l1fn4579t9q2qnrjkywr0000gn/T/arduino-sketch-7C5C802966699E44C8864F857BFF6D5A/../arduino-core-cache/core_adafruit_samd_adafruit_itsybitsy_m4_cache_on_028f04db71604169935d71340ec685c9.a(USBCore.cpp.o)
 .text._ZN7__GuardC2Ev
                0x0000000000007aa0        0xe /private/var/folders/hj/1py1l1fn4579t9q2qnrjkywr0000gn/T/arduino-sketch-7C5C802966699E44C8864F857BFF6D5A/../arduino-core-cache/core_adafruit_samd_adafruit_itsybitsy_m4_cache_on_028f04db71604169935d71340ec685c9.a(USBCore.cpp.o)
                0x0000000000007aa0                __Guard::__Guard()
                0x0000000000007aa0                __Guard::__Guard()
 .text._ZN7__GuardD2Ev
                0x0000000000007aae        0xc /private/var/folders/hj/1py1l1fn4579t9q2qnrjkywr0000gn/T/arduino-sketch-7C5C802966699E44C8864F857BFF6D5A/../arduino-core-cache/core_adafruit_samd_adafruit_itsybitsy_m4_cache_on_028f04db71604169935d71340ec685c9.a(USBCore.cpp.o)
                0x0000000000007aae                __Guard::~__Guard()
                0x0000000000007aae                __Guard::~__Guard()
 .text._ZNK26DoubleBufferedEPOutHandler9availableEv
                0x0000000000007aba       0x5e /private/var/folders/hj/1py1l1fn4579t9q2qnrjkywr0000gn/T/arduino-sketch-7C5C802966699E44C8864F857BFF6D5A/../arduino-core-cache/core_adafruit_samd_adafruit_itsybitsy_m4_cache_on_028f04db71604169935d71340ec685c9.a(USBCore.cpp.o)
                0x0000000000007aba                DoubleBufferedEPOutHandler::available() const
 .text._ZN26DoubleBufferedEPOutHandler7releaseEv
                0x0000000000007b18       0x4e /private/var/folders/hj/1py1l1fn4579t9q2qnrjkywr0000gn/T/arduino-sketch-7C5C802966699E44C8864F857BFF6D5A/../arduino-core-cache/core_adafruit_samd_adafruit_itsybitsy_m4_cache_on_028f04db71604169935d71340ec685c9.a(USBCore.cpp.o)
                0x0000000000007b18                DoubleBufferedEPOutHandler::release()
 .text._ZN26DoubleBufferedEPOutHandler4recvEPvm
                0x0000000000007b66      0x114 /private/var/folders/hj/1py1l1fn4579t9q2qnrjkywr0000gn/T/arduino-sketch-7C5C802966699E44C8864F857BFF6D5A/../arduino-core-cache/core_adafruit_samd_adafruit_itsybitsy_m4_cache_on_028f04db71604169935d71340ec685c9.a(USBCore.cpp.o)
                0x0000000000007b66                DoubleBufferedEPOutHandler::recv(void*, unsigned long)
 .text._ZN26DoubleBufferedEPOutHandler14handleEndpointEv
                0x0000000000007c7a       0xc6 /private/var/folders/hj/1py1l1fn4579t9q2qnrjkywr0000gn/T/arduino-sketch-7C5C802966699E44C8864F857BFF6D5A/../arduino-core-cache/core_adafruit_samd_adafruit_itsybitsy_m4_cache_on_028f04db71604169935d71340ec685c9.a(USBCore.cpp.o)
                0x0000000000007c7a                DoubleBufferedEPOutHandler::handleEndpoint()
 .text._ZN14USBDeviceClass14SendInterfacesEPm
                0x0000000000007d40       0x30 /private/var/folders/hj/1py1l1fn4579t9q2qnrjkywr0000gn/T/arduino-sketch-7C5C802966699E44C8864F857BFF6D5A/../arduino-core-cache/core_adafruit_samd_adafruit_itsybitsy_m4_cache_on_028f04db71604169935d71340ec685c9.a(USBCore.cpp.o)
                0x0000000000007d40                USBDeviceClass::SendInterfaces(unsigned long*)
 .text._ZN14USBDeviceClass14handleEndpointEh
                0x0000000000007d70       0x3c /private/var/folders/hj/1py1l1fn4579t9q2qnrjkywr0000gn/T/arduino-sketch-7C5C802966699E44C8864F857BFF6D5A/../arduino-core-cache/core_adafruit_samd_adafruit_itsybitsy_m4_cache_on_028f04db71604169935d71340ec685c9.a(USBCore.cpp.o)
                0x0000000000007d70                USBDeviceClass::handleEndpoint(unsigned char)
 .text._ZN14USBDeviceClass4initEv
                0x0000000000007dac       0xf0 /private/var/folders/hj/1py1l1fn4579t9q2qnrjkywr0000gn/T/arduino-sketch-7C5C802966699E44C8864F857BFF6D5A/../arduino-core-cache/core_adafruit_samd_adafruit_itsybitsy_m4_cache_on_028f04db71604169935d71340ec685c9.a(USBCore.cpp.o)
                0x0000000000007dac                USBDeviceClass::init()
 .text._ZN14USBDeviceClass6attachEv
                0x0000000000007e9c       0x30 /private/var/folders/hj/1py1l1fn4579t9q2qnrjkywr0000gn/T/arduino-sketch-7C5C802966699E44C8864F857BFF6D5A/../arduino-core-cache/core_adafruit_samd_adafruit_itsybitsy_m4_cache_on_028f04db71604169935d71340ec685c9.a(USBCore.cpp.o)
                0x0000000000007e9c                USBDeviceClass::attach()
 .text._ZN14USBDeviceClass10setAddressEm
                0x0000000000007ecc       0x40 /private/var/folders/hj/1py1l1fn4579t9q2qnrjkywr0000gn/T/arduino-sketch-7C5C802966699E44C8864F857BFF6D5A/../arduino-core-cache/core_adafruit_samd_adafruit_itsybitsy_m4_cache_on_028f04db71604169935d71340ec685c9.a(USBCore.cpp.o)
                0x0000000000007ecc                USBDeviceClass::setAddress(unsigned long)
 .text._ZN14USBDeviceClass25handleClassInterfaceSetupER8USBSetup
                0x0000000000007f0c       0x3c /private/var/folders/hj/1py1l1fn4579t9q2qnrjkywr0000gn/T/arduino-sketch-7C5C802966699E44C8864F857BFF6D5A/../arduino-core-cache/core_adafruit_samd_adafruit_itsybitsy_m4_cache_on_028f04db71604169935d71340ec685c9.a(USBCore.cpp.o)
                0x0000000000007f0c                USBDeviceClass::handleClassInterfaceSetup(USBSetup&)
 .text._ZN14USBDeviceClass6initEPEmm
                0x0000000000007f48       0xf8 /private/var/folders/hj/1py1l1fn4579t9q2qnrjkywr0000gn/T/arduino-sketch-7C5C802966699E44C8864F857BFF6D5A/../arduino-core-cache/core_adafruit_samd_adafruit_itsybitsy_m4_cache_on_028f04db71604169935d71340ec685c9.a(USBCore.cpp.o)
                0x0000000000007f48                USBDeviceClass::initEP(unsigned long, unsigned long)
 .text._ZN14USBDeviceClass13initEndpointsEv
                0x0000000000008040       0x24 /private/var/folders/hj/1py1l1fn4579t9q2qnrjkywr0000gn/T/arduino-sketch-7C5C802966699E44C8864F857BFF6D5A/../arduino-core-cache/core_adafruit_samd_adafruit_itsybitsy_m4_cache_on_028f04db71604169935d71340ec685c9.a(USBCore.cpp.o)
                0x0000000000008040                USBDeviceClass::initEndpoints()
 .text._ZN14USBDeviceClass9availableEm
                0x0000000000008064       0x2c /private/var/folders/hj/1py1l1fn4579t9q2qnrjkywr0000gn/T/arduino-sketch-7C5C802966699E44C8864F857BFF6D5A/../arduino-core-cache/core_adafruit_samd_adafruit_itsybitsy_m4_cache_on_028f04db71604169935d71340ec685c9.a(USBCore.cpp.o)
                0x0000000000008064                USBDeviceClass::available(unsigned long)
 .text._ZN14USBDeviceClass5flushEm
                0x0000000000008090       0x28 /private/var/folders/hj/1py1l1fn4579t9q2qnrjkywr0000gn/T/arduino-sketch-7C5C802966699E44C8864F857BFF6D5A/../arduino-core-cache/core_adafruit_samd_adafruit_itsybitsy_m4_cache_on_028f04db71604169935d71340ec685c9.a(USBCore.cpp.o)
                0x0000000000008090                USBDeviceClass::flush(unsigned long)
 .text._ZN14USBDeviceClass14armRecvCtrlOUTEm
                0x00000000000080b8       0x58 /private/var/folders/hj/1py1l1fn4579t9q2qnrjkywr0000gn/T/arduino-sketch-7C5C802966699E44C8864F857BFF6D5A/../arduino-core-cache/core_adafruit_samd_adafruit_itsybitsy_m4_cache_on_028f04db71604169935d71340ec685c9.a(USBCore.cpp.o)
                0x00000000000080b8                USBDeviceClass::armRecvCtrlOUT(unsigned long)
 .text._ZN14USBDeviceClass11recvControlEPvm
                0x0000000000008110       0x3c /private/var/folders/hj/1py1l1fn4579t9q2qnrjkywr0000gn/T/arduino-sketch-7C5C802966699E44C8864F857BFF6D5A/../arduino-core-cache/core_adafruit_samd_adafruit_itsybitsy_m4_cache_on_028f04db71604169935d71340ec685c9.a(USBCore.cpp.o)
                0x0000000000008110                USBDeviceClass::recvControl(void*, unsigned long)
 .text._ZN14USBDeviceClass7armRecvEm
                0x000000000000814c       0x34 /private/var/folders/hj/1py1l1fn4579t9q2qnrjkywr0000gn/T/arduino-sketch-7C5C802966699E44C8864F857BFF6D5A/../arduino-core-cache/core_adafruit_samd_adafruit_itsybitsy_m4_cache_on_028f04db71604169935d71340ec685c9.a(USBCore.cpp.o)
                0x000000000000814c                USBDeviceClass::armRecv(unsigned long)
 .text._ZN14USBDeviceClass4recvEmPvm
                0x0000000000008180       0xc4 /private/var/folders/hj/1py1l1fn4579t9q2qnrjkywr0000gn/T/arduino-sketch-7C5C802966699E44C8864F857BFF6D5A/../arduino-core-cache/core_adafruit_samd_adafruit_itsybitsy_m4_cache_on_028f04db71604169935d71340ec685c9.a(USBCore.cpp.o)
                0x0000000000008180                USBDeviceClass::recv(unsigned long, void*, unsigned long)
 .text._ZN14USBDeviceClass4recvEm
                0x0000000000008244       0x1e /private/var/folders/hj/1py1l1fn4579t9q2qnrjkywr0000gn/T/arduino-sketch-7C5C802966699E44C8864F857BFF6D5A/../arduino-core-cache/core_adafruit_samd_adafruit_itsybitsy_m4_cache_on_028f04db71604169935d71340ec685c9.a(USBCore.cpp.o)
                0x0000000000008244                USBDeviceClass::recv(unsigned long)
 *fill*         0x0000000000008262        0x2 
 .text._ZN14USBDeviceClass4sendEmPKvm
                0x0000000000008264       0xf4 /private/var/folders/hj/1py1l1fn4579t9q2qnrjkywr0000gn/T/arduino-sketch-7C5C802966699E44C8864F857BFF6D5A/../arduino-core-cache/core_adafruit_samd_adafruit_itsybitsy_m4_cache_on_028f04db71604169935d71340ec685c9.a(USBCore.cpp.o)
                0x0000000000008264                USBDeviceClass::send(unsigned long, void const*, unsigned long)
 .text._ZN14USBDeviceClass7armSendEmPKvm
                0x0000000000008358       0x3c /private/var/folders/hj/1py1l1fn4579t9q2qnrjkywr0000gn/T/arduino-sketch-7C5C802966699E44C8864F857BFF6D5A/../arduino-core-cache/core_adafruit_samd_adafruit_itsybitsy_m4_cache_on_028f04db71604169935d71340ec685c9.a(USBCore.cpp.o)
                0x0000000000008358                USBDeviceClass::armSend(unsigned long, void const*, unsigned long)
 .text._ZN14USBDeviceClass11sendControlEPKvm
                0x0000000000008394       0x58 /private/var/folders/hj/1py1l1fn4579t9q2qnrjkywr0000gn/T/arduino-sketch-7C5C802966699E44C8864F857BFF6D5A/../arduino-core-cache/core_adafruit_samd_adafruit_itsybitsy_m4_cache_on_028f04db71604169935d71340ec685c9.a(USBCore.cpp.o)
                0x0000000000008394                USBDeviceClass::sendControl(void const*, unsigned long)
 .text._ZN14USBDeviceClass20sendStringDescriptorEPKhh
                0x00000000000083ec       0x6c /private/var/folders/hj/1py1l1fn4579t9q2qnrjkywr0000gn/T/arduino-sketch-7C5C802966699E44C8864F857BFF6D5A/../arduino-core-cache/core_adafruit_samd_adafruit_itsybitsy_m4_cache_on_028f04db71604169935d71340ec685c9.a(USBCore.cpp.o)
                0x00000000000083ec                USBDeviceClass::sendStringDescriptor(unsigned char const*, unsigned char)
 .text._ZN14USBDeviceClass12packMessagesEb.part.6
                0x0000000000008458       0x1c /private/var/folders/hj/1py1l1fn4579t9q2qnrjkywr0000gn/T/arduino-sketch-7C5C802966699E44C8864F857BFF6D5A/../arduino-core-cache/core_adafruit_samd_adafruit_itsybitsy_m4_cache_on_028f04db71604169935d71340ec685c9.a(USBCore.cpp.o)
 .text._ZN14USBDeviceClass17sendConfigurationEm
                0x0000000000008474       0xa4 /private/var/folders/hj/1py1l1fn4579t9q2qnrjkywr0000gn/T/arduino-sketch-7C5C802966699E44C8864F857BFF6D5A/../arduino-core-cache/core_adafruit_samd_adafruit_itsybitsy_m4_cache_on_028f04db71604169935d71340ec685c9.a(USBCore.cpp.o)
                0x0000000000008474                USBDeviceClass::sendConfiguration(unsigned long)
 .text._ZN14USBDeviceClass14sendDescriptorER8USBSetup
                0x0000000000008518       0xb4 /private/var/folders/hj/1py1l1fn4579t9q2qnrjkywr0000gn/T/arduino-sketch-7C5C802966699E44C8864F857BFF6D5A/../arduino-core-cache/core_adafruit_samd_adafruit_itsybitsy_m4_cache_on_028f04db71604169935d71340ec685c9.a(USBCore.cpp.o)
                0x0000000000008518                USBDeviceClass::sendDescriptor(USBSetup&)
 .text._ZN14USBDeviceClass19handleStandardSetupER8USBSetup
                0x00000000000085cc      0x124 /private/var/folders/hj/1py1l1fn4579t9q2qnrjkywr0000gn/T/arduino-sketch-7C5C802966699E44C8864F857BFF6D5A/../arduino-core-cache/core_adafruit_samd_adafruit_itsybitsy_m4_cache_on_028f04db71604169935d71340ec685c9.a(USBCore.cpp.o)
                0x00000000000085cc                USBDeviceClass::handleStandardSetup(USBSetup&)
 .text._ZN14USBDeviceClass10ISRHandlerEv
                0x00000000000086f0      0x110 /private/var/folders/hj/1py1l1fn4579t9q2qnrjkywr0000gn/T/arduino-sketch-7C5C802966699E44C8864F857BFF6D5A/../arduino-core-cache/core_adafruit_samd_adafruit_itsybitsy_m4_cache_on_028f04db71604169935d71340ec685c9.a(USBCore.cpp.o)
                0x00000000000086f0                USBDeviceClass::ISRHandler()
 .text.UDD_Handler
                0x0000000000008800        0xc /private/var/folders/hj/1py1l1fn4579t9q2qnrjkywr0000gn/T/arduino-sketch-7C5C802966699E44C8864F857BFF6D5A/../arduino-core-cache/core_adafruit_samd_adafruit_itsybitsy_m4_cache_on_028f04db71604169935d71340ec685c9.a(USBCore.cpp.o)
                0x0000000000008800                UDD_Handler
 .text.startup._GLOBAL__sub_I_usbd
                0x000000000000880c       0x10 /private/var/folders/hj/1py1l1fn4579t9q2qnrjkywr0000gn/T/arduino-sketch-7C5C802966699E44C8864F857BFF6D5A/../arduino-core-cache/core_adafruit_samd_adafruit_itsybitsy_m4_cache_on_028f04db71604169935d71340ec685c9.a(USBCore.cpp.o)
 .text._ZN4UartcvbEv
                0x000000000000881c        0x4 /private/var/folders/hj/1py1l1fn4579t9q2qnrjkywr0000gn/T/arduino-sketch-7C5C802966699E44C8864F857BFF6D5A/../arduino-core-cache/core_adafruit_samd_adafruit_itsybitsy_m4_cache_on_028f04db71604169935d71340ec685c9.a(Uart.cpp.o)
                0x000000000000881c                Uart::operator bool()
 .text._ZN4Uart5beginEm
                0x0000000000008820        0xe /private/var/folders/hj/1py1l1fn4579t9q2qnrjkywr0000gn/T/arduino-sketch-7C5C802966699E44C8864F857BFF6D5A/../arduino-core-cache/core_adafruit_samd_adafruit_itsybitsy_m4_cache_on_028f04db71604169935d71340ec685c9.a(Uart.cpp.o)
                0x0000000000008820                Uart::begin(unsigned long)
 .text._ZN4Uart4peekEv
                0x000000000000882e       0x1a /private/var/folders/hj/1py1l1fn4579t9q2qnrjkywr0000gn/T/arduino-sketch-7C5C802966699E44C8864F857BFF6D5A/../arduino-core-cache/core_adafruit_samd_adafruit_itsybitsy_m4_cache_on_028f04db71604169935d71340ec685c9.a(Uart.cpp.o)
                0x000000000000882e                Uart::peek()
 .text._ZN4Uart3endEv
                0x0000000000008848       0x1e /private/var/folders/hj/1py1l1fn4579t9q2qnrjkywr0000gn/T/arduino-sketch-7C5C802966699E44C8864F857BFF6D5A/../arduino-core-cache/core_adafruit_samd_adafruit_itsybitsy_m4_cache_on_028f04db71604169935d71340ec685c9.a(Uart.cpp.o)
                0x0000000000008848                Uart::end()
 *fill*         0x0000000000008866        0x2 
 .text._ZN4UartC2EP6SERCOMhh11SercomRXPad15SercomUartTXPadhh
                0x0000000000008868       0x78 /private/var/folders/hj/1py1l1fn4579t9q2qnrjkywr0000gn/T/arduino-sketch-7C5C802966699E44C8864F857BFF6D5A/../arduino-core-cache/core_adafruit_samd_adafruit_itsybitsy_m4_cache_on_028f04db71604169935d71340ec685c9.a(Uart.cpp.o)
                0x0000000000008868                Uart::Uart(SERCOM*, unsigned char, unsigned char, SercomRXPad, SercomUartTXPad, unsigned char, unsigned char)
                0x0000000000008868                Uart::Uart(SERCOM*, unsigned char, unsigned char, SercomRXPad, SercomUartTXPad, unsigned char, unsigned char)
 .text._ZN4UartC2EP6SERCOMhh11SercomRXPad15SercomUartTXPad
                0x00000000000088e0       0x22 /private/var/folders/hj/1py1l1fn4579t9q2qnrjkywr0000gn/T/arduino-sketch-7C5C802966699E44C8864F857BFF6D5A/../arduino-core-cache/core_adafruit_samd_adafruit_itsybitsy_m4_cache_on_028f04db71604169935d71340ec685c9.a(Uart.cpp.o)
                0x00000000000088e0                Uart::Uart(SERCOM*, unsigned char, unsigned char, SercomRXPad, SercomUartTXPad)
                0x00000000000088e0                Uart::Uart(SERCOM*, unsigned char, unsigned char, SercomRXPad, SercomUartTXPad)
 .text._ZN4Uart16extractNbStopBitEt
                0x0000000000008902        0xe /private/var/folders/hj/1py1l1fn4579t9q2qnrjkywr0000gn/T/arduino-sketch-7C5C802966699E44C8864F857BFF6D5A/../arduino-core-cache/core_adafruit_samd_adafruit_itsybitsy_m4_cache_on_028f04db71604169935d71340ec685c9.a(Uart.cpp.o)
                0x0000000000008902                Uart::extractNbStopBit(unsigned short)
 .text._ZN4Uart15extractCharSizeEt
                0x0000000000008910       0x24 /private/var/folders/hj/1py1l1fn4579t9q2qnrjkywr0000gn/T/arduino-sketch-7C5C802966699E44C8864F857BFF6D5A/../arduino-core-cache/core_adafruit_samd_adafruit_itsybitsy_m4_cache_on_028f04db71604169935d71340ec685c9.a(Uart.cpp.o)
                0x0000000000008910                Uart::extractCharSize(unsigned short)
 .text._ZN4Uart13extractParityEt
                0x0000000000008934       0x16 /private/var/folders/hj/1py1l1fn4579t9q2qnrjkywr0000gn/T/arduino-sketch-7C5C802966699E44C8864F857BFF6D5A/../arduino-core-cache/core_adafruit_samd_adafruit_itsybitsy_m4_cache_on_028f04db71604169935d71340ec685c9.a(Uart.cpp.o)
                0x0000000000008934                Uart::extractParity(unsigned short)
 *fill*         0x000000000000894a        0x2 
 .text._ZN4Uart5beginEmt
                0x000000000000894c       0xe4 /private/var/folders/hj/1py1l1fn4579t9q2qnrjkywr0000gn/T/arduino-sketch-7C5C802966699E44C8864F857BFF6D5A/../arduino-core-cache/core_adafruit_samd_adafruit_itsybitsy_m4_cache_on_028f04db71604169935d71340ec685c9.a(Uart.cpp.o)
                0x000000000000894c                Uart::begin(unsigned long, unsigned short)
 .text._ZN11RingBufferNILi164EE9availableEv
                0x0000000000008a30       0x10 /private/var/folders/hj/1py1l1fn4579t9q2qnrjkywr0000gn/T/arduino-sketch-7C5C802966699E44C8864F857BFF6D5A/../arduino-core-cache/core_adafruit_samd_adafruit_itsybitsy_m4_cache_on_028f04db71604169935d71340ec685c9.a(Uart.cpp.o)
                0x0000000000008a30                RingBufferN<164>::available()
 .text._ZN4Uart5flushEv
                0x0000000000008a40       0x1a /private/var/folders/hj/1py1l1fn4579t9q2qnrjkywr0000gn/T/arduino-sketch-7C5C802966699E44C8864F857BFF6D5A/../arduino-core-cache/core_adafruit_samd_adafruit_itsybitsy_m4_cache_on_028f04db71604169935d71340ec685c9.a(Uart.cpp.o)
                0x0000000000008a40                Uart::flush()
 .text._ZN4Uart9availableEv
                0x0000000000008a5a        0xa /private/var/folders/hj/1py1l1fn4579t9q2qnrjkywr0000gn/T/arduino-sketch-7C5C802966699E44C8864F857BFF6D5A/../arduino-core-cache/core_adafruit_samd_adafruit_itsybitsy_m4_cache_on_028f04db71604169935d71340ec685c9.a(Uart.cpp.o)
                0x0000000000008a5a                Uart::available()
 .text._ZN11RingBufferNILi164EE17availableForStoreEv
                0x0000000000008a64       0x2a /private/var/folders/hj/1py1l1fn4579t9q2qnrjkywr0000gn/T/arduino-sketch-7C5C802966699E44C8864F857BFF6D5A/../arduino-core-cache/core_adafruit_samd_adafruit_itsybitsy_m4_cache_on_028f04db71604169935d71340ec685c9.a(Uart.cpp.o)
                0x0000000000008a64                RingBufferN<164>::availableForStore()
 .text._ZN4Uart17availableForWriteEv
                0x0000000000008a8e        0xa /private/var/folders/hj/1py1l1fn4579t9q2qnrjkywr0000gn/T/arduino-sketch-7C5C802966699E44C8864F857BFF6D5A/../arduino-core-cache/core_adafruit_samd_adafruit_itsybitsy_m4_cache_on_028f04db71604169935d71340ec685c9.a(Uart.cpp.o)
                0x0000000000008a8e                Uart::availableForWrite()
 .text._ZN4Uart10IrqHandlerEv
                0x0000000000008a98       0xd4 /private/var/folders/hj/1py1l1fn4579t9q2qnrjkywr0000gn/T/arduino-sketch-7C5C802966699E44C8864F857BFF6D5A/../arduino-core-cache/core_adafruit_samd_adafruit_itsybitsy_m4_cache_on_028f04db71604169935d71340ec685c9.a(Uart.cpp.o)
                0x0000000000008a98                Uart::IrqHandler()
 .text._ZN4Uart5writeEh
                0x0000000000008b6c       0xbc /private/var/folders/hj/1py1l1fn4579t9q2qnrjkywr0000gn/T/arduino-sketch-7C5C802966699E44C8864F857BFF6D5A/../arduino-core-cache/core_adafruit_samd_adafruit_itsybitsy_m4_cache_on_028f04db71604169935d71340ec685c9.a(Uart.cpp.o)
                0x0000000000008b6c                Uart::write(unsigned char)
 .text._ZN4Uart4readEv
                0x0000000000008c28       0x54 /private/var/folders/hj/1py1l1fn4579t9q2qnrjkywr0000gn/T/arduino-sketch-7C5C802966699E44C8864F857BFF6D5A/../arduino-core-cache/core_adafruit_samd_adafruit_itsybitsy_m4_cache_on_028f04db71604169935d71340ec685c9.a(Uart.cpp.o)
                0x0000000000008c28                Uart::read()
 .text._ZN6StringD2Ev
                0x0000000000008c7c        0xe /private/var/folders/hj/1py1l1fn4579t9q2qnrjkywr0000gn/T/arduino-sketch-7C5C802966699E44C8864F857BFF6D5A/../arduino-core-cache/core_adafruit_samd_adafruit_itsybitsy_m4_cache_on_028f04db71604169935d71340ec685c9.a(WString.cpp.o)
                0x0000000000008c7c                String::~String()
                0x0000000000008c7c                String::~String()
 .text._ZN6String10invalidateEv
                0x0000000000008c8a       0x16 /private/var/folders/hj/1py1l1fn4579t9q2qnrjkywr0000gn/T/arduino-sketch-7C5C802966699E44C8864F857BFF6D5A/../arduino-core-cache/core_adafruit_samd_adafruit_itsybitsy_m4_cache_on_028f04db71604169935d71340ec685c9.a(WString.cpp.o)
                0x0000000000008c8a                String::invalidate()
 .text._ZN6String12changeBufferEj
                0x0000000000008ca0       0x18 /private/var/folders/hj/1py1l1fn4579t9q2qnrjkywr0000gn/T/arduino-sketch-7C5C802966699E44C8864F857BFF6D5A/../arduino-core-cache/core_adafruit_samd_adafruit_itsybitsy_m4_cache_on_028f04db71604169935d71340ec685c9.a(WString.cpp.o)
                0x0000000000008ca0                String::changeBuffer(unsigned int)
 .text._ZN6String7reserveEj
                0x0000000000008cb8       0x22 /private/var/folders/hj/1py1l1fn4579t9q2qnrjkywr0000gn/T/arduino-sketch-7C5C802966699E44C8864F857BFF6D5A/../arduino-core-cache/core_adafruit_samd_adafruit_itsybitsy_m4_cache_on_028f04db71604169935d71340ec685c9.a(WString.cpp.o)
                0x0000000000008cb8                String::reserve(unsigned int)
 .text._ZN6String4copyEPKcj
                0x0000000000008cda       0x26 /private/var/folders/hj/1py1l1fn4579t9q2qnrjkywr0000gn/T/arduino-sketch-7C5C802966699E44C8864F857BFF6D5A/../arduino-core-cache/core_adafruit_samd_adafruit_itsybitsy_m4_cache_on_028f04db71604169935d71340ec685c9.a(WString.cpp.o)
                0x0000000000008cda                String::copy(char const*, unsigned int)
 .text._ZN6StringC2EPKc
                0x0000000000008d00       0x24 /private/var/folders/hj/1py1l1fn4579t9q2qnrjkywr0000gn/T/arduino-sketch-7C5C802966699E44C8864F857BFF6D5A/../arduino-core-cache/core_adafruit_samd_adafruit_itsybitsy_m4_cache_on_028f04db71604169935d71340ec685c9.a(WString.cpp.o)
                0x0000000000008d00                String::String(char const*)
                0x0000000000008d00                String::String(char const*)
 .text._ZN6StringaSEPKc
                0x0000000000008d24       0x22 /private/var/folders/hj/1py1l1fn4579t9q2qnrjkywr0000gn/T/arduino-sketch-7C5C802966699E44C8864F857BFF6D5A/../arduino-core-cache/core_adafruit_samd_adafruit_itsybitsy_m4_cache_on_028f04db71604169935d71340ec685c9.a(WString.cpp.o)
                0x0000000000008d24                String::operator=(char const*)
 .text._ZN6String6concatEPKcj
                0x0000000000008d46       0x2e /private/var/folders/hj/1py1l1fn4579t9q2qnrjkywr0000gn/T/arduino-sketch-7C5C802966699E44C8864F857BFF6D5A/../arduino-core-cache/core_adafruit_samd_adafruit_itsybitsy_m4_cache_on_028f04db71604169935d71340ec685c9.a(WString.cpp.o)
                0x0000000000008d46                String::concat(char const*, unsigned int)
 .text._ZN6String6concatEc
                0x0000000000008d74       0x1a /private/var/folders/hj/1py1l1fn4579t9q2qnrjkywr0000gn/T/arduino-sketch-7C5C802966699E44C8864F857BFF6D5A/../arduino-core-cache/core_adafruit_samd_adafruit_itsybitsy_m4_cache_on_028f04db71604169935d71340ec685c9.a(WString.cpp.o)
                0x0000000000008d74                String::concat(char)
 .text._ZNK6String6equalsEPKc
                0x0000000000008d8e       0x26 /private/var/folders/hj/1py1l1fn4579t9q2qnrjkywr0000gn/T/arduino-sketch-7C5C802966699E44C8864F857BFF6D5A/../arduino-core-cache/core_adafruit_samd_adafruit_itsybitsy_m4_cache_on_028f04db71604169935d71340ec685c9.a(WString.cpp.o)
                0x0000000000008d8e                String::equals(char const*) const
 .text._ZN6String4trimEv
                0x0000000000008db4       0x54 /private/var/folders/hj/1py1l1fn4579t9q2qnrjkywr0000gn/T/arduino-sketch-7C5C802966699E44C8864F857BFF6D5A/../arduino-core-cache/core_adafruit_samd_adafruit_itsybitsy_m4_cache_on_028f04db71604169935d71340ec685c9.a(WString.cpp.o)
                0x0000000000008db4                String::trim()
 .text._ZNK6String5toIntEv
                0x0000000000008e08        0xa /private/var/folders/hj/1py1l1fn4579t9q2qnrjkywr0000gn/T/arduino-sketch-7C5C802966699E44C8864F857BFF6D5A/../arduino-core-cache/core_adafruit_samd_adafruit_itsybitsy_m4_cache_on_028f04db71604169935d71340ec685c9.a(WString.cpp.o)
                0x0000000000008e08                String::toInt() const
 *fill*         0x0000000000008e12        0x6 
 .text._ZNK6String8toDoubleEv
                0x0000000000008e18       0x18 /private/var/folders/hj/1py1l1fn4579t9q2qnrjkywr0000gn/T/arduino-sketch-7C5C802966699E44C8864F857BFF6D5A/../arduino-core-cache/core_adafruit_samd_adafruit_itsybitsy_m4_cache_on_028f04db71604169935d71340ec685c9.a(WString.cpp.o)
                0x0000000000008e18                String::toDouble() const
 .text._ZNK6String7toFloatEv
                0x0000000000008e30       0x14 /private/var/folders/hj/1py1l1fn4579t9q2qnrjkywr0000gn/T/arduino-sketch-7C5C802966699E44C8864F857BFF6D5A/../arduino-core-cache/core_adafruit_samd_adafruit_itsybitsy_m4_cache_on_028f04db71604169935d71340ec685c9.a(WString.cpp.o)
                0x0000000000008e30                String::toFloat() const
 .text.Dummy_Handler
                0x0000000000008e44        0x2 /private/var/folders/hj/1py1l1fn4579t9q2qnrjkywr0000gn/T/arduino-sketch-7C5C802966699E44C8864F857BFF6D5A/../arduino-core-cache/core_adafruit_samd_adafruit_itsybitsy_m4_cache_on_028f04db71604169935d71340ec685c9.a(cortex_handlers.c.o)
                0x0000000000008e44                AES_Handler
                0x0000000000008e44                SERCOM0_2_Handler
                0x0000000000008e44                DebugMon_Handler
                0x0000000000008e44                EIC_13_Handler
                0x0000000000008e44                EVSYS_0_Handler
                0x0000000000008e44                TCC1_3_Handler
                0x0000000000008e44                DAC_3_Handler
                0x0000000000008e44                TRNG_Handler
                0x0000000000008e44                HardFault_Handler
                0x0000000000008e44                PDEC_2_Handler
                0x0000000000008e44                EIC_4_Handler
                0x0000000000008e44                AC_Handler
                0x0000000000008e44                TCC2_3_Handler
                0x0000000000008e44                PendSV_Handler
                0x0000000000008e44                NMI_Handler
                0x0000000000008e44                TC7_Handler
                0x0000000000008e44                ADC1_1_Handler
                0x0000000000008e44                EVSYS_3_Handler
                0x0000000000008e44                PDEC_0_Handler
                0x0000000000008e44                QSPI_Handler
                0x0000000000008e44                TCC0_0_Handler
                0x0000000000008e44                EIC_3_Handler
                0x0000000000008e44                TAL_0_Handler
                0x0000000000008e44                DAC_2_Handler
                0x0000000000008e44                SERCOM0_0_Handler
                0x0000000000008e44                RTC_Handler
                0x0000000000008e44                UsageFault_Handler
                0x0000000000008e44                SERCOM4_0_Handler
                0x0000000000008e44                EIC_10_Handler
                0x0000000000008e44                SERCOM0_3_Handler
                0x0000000000008e44                EIC_11_Handler
                0x0000000000008e44                EIC_9_Handler
                0x0000000000008e44                OSC32KCTRL_Handler
                0x0000000000008e44                TCC2_1_Handler
                0x0000000000008e44                SUPC_1_Handler
                0x0000000000008e44                TCC0_5_Handler
                0x0000000000008e44                TCC0_6_Handler
                0x0000000000008e44                SERCOM6_2_Handler
                0x0000000000008e44                EVSYS_1_Handler
                0x0000000000008e44                TCC1_4_Handler
                0x0000000000008e44                TC6_Handler
                0x0000000000008e44                DMAC_0_Handler
                0x0000000000008e44                WDT_Handler
                0x0000000000008e44                EIC_8_Handler
                0x0000000000008e44                EIC_15_Handler
                0x0000000000008e44                SERCOM6_0_Handler
                0x0000000000008e44                SERCOM5_0_Handler
                0x0000000000008e44                TC4_Handler
                0x0000000000008e44                TC1_Handler
                0x0000000000008e44                OSCCTRL_4_Handler
                0x0000000000008e44                SERCOM4_3_Handler
                0x0000000000008e44                EIC_12_Handler
                0x0000000000008e44                DMAC_4_Handler
                0x0000000000008e44                TCC4_2_Handler
                0x0000000000008e44                PAC_Handler
                0x0000000000008e44                TCC1_0_Handler
                0x0000000000008e44                OSCCTRL_0_Handler
                0x0000000000008e44                EIC_0_Handler
                0x0000000000008e44                OSCCTRL_3_Handler
                0x0000000000008e44                SERCOM4_1_Handler
                0x0000000000008e44                TC3_Handler
                0x0000000000008e44                Dummy_Handler
                0x0000000000008e44                TCC3_0_Handler
                0x0000000000008e44                TCC2_2_Handler
                0x0000000000008e44                SERCOM5_1_Handler
                0x0000000000008e44                TCC1_1_Handler
                0x0000000000008e44                DMAC_2_Handler
                0x0000000000008e44                ADC0_0_Handler
                0x0000000000008e44                SERCOM0_1_Handler
                0x0000000000008e44                OSCCTRL_2_Handler
                0x0000000000008e44                ADC1_0_Handler
                0x0000000000008e44                TCC1_2_Handler
                0x0000000000008e44                SERCOM7_1_Handler
                0x0000000000008e44                PM_Handler
                0x0000000000008e44                SERCOM6_3_Handler
                0x0000000000008e44                SERCOM2_3_Handler
                0x0000000000008e44                DAC_4_Handler
                0x0000000000008e44                TCC3_2_Handler
                0x0000000000008e44                SERCOM7_0_Handler
                0x0000000000008e44                TCC0_2_Handler
                0x0000000000008e44                DMAC_1_Handler
                0x0000000000008e44                TCC4_0_Handler
                0x0000000000008e44                SERCOM7_3_Handler
                0x0000000000008e44                SDHC1_Handler
                0x0000000000008e44                SERCOM7_2_Handler
                0x0000000000008e44                TCC2_0_Handler
                0x0000000000008e44                PDEC_1_Handler
                0x0000000000008e44                MemManage_Handler
                0x0000000000008e44                TCC4_1_Handler
                0x0000000000008e44                SERCOM5_3_Handler
                0x0000000000008e44                SVC_Handler
                0x0000000000008e44                SERCOM6_1_Handler
                0x0000000000008e44                SDHC0_Handler
                0x0000000000008e44                SERCOM1_1_Handler
                0x0000000000008e44                I2S_Handler
                0x0000000000008e44                EIC_2_Handler
                0x0000000000008e44                PCC_Handler
                0x0000000000008e44                DAC_0_Handler
                0x0000000000008e44                TCC0_1_Handler
                0x0000000000008e44                SERCOM1_3_Handler
                0x0000000000008e44                EIC_6_Handler
                0x0000000000008e44                OSCCTRL_1_Handler
                0x0000000000008e44                SERCOM1_0_Handler
                0x0000000000008e44                PUKCC_Handler
                0x0000000000008e44                SERCOM2_1_Handler
                0x0000000000008e44                SERCOM1_2_Handler